// Jest Snapshot v1, https://goo.gl/fbAQLP

exports[`Running Test for Input Check Input Error 1`] = `
<View
  style={
    Object {
      "flex": 1,
    }
  }
>
  <View
    style={
      Object {
        "alignItems": "center",
        "flexDirection": "row",
      }
    }
  >
    <Text
      style={
        Object {
          "color": "#202452",
          "fontFamily": "Inter-Medium",
          "fontSize": 14,
          "marginBottom": 5,
        }
      }
    >
      Test
    </Text>
  </View>
  <View
    accessibilityState={
      Object {
        "disabled": true,
      }
    }
    accessible={true}
    collapsable={false}
    focusable={true}
    onClick={[Function]}
    onResponderGrant={[Function]}
    onResponderMove={[Function]}
    onResponderRelease={[Function]}
    onResponderTerminate={[Function]}
    onResponderTerminationRequest={[Function]}
    onStartShouldSetResponder={[Function]}
    style={
      Object {
        "alignItems": "center",
        "backgroundColor": "#FFFFFF",
        "borderColor": "#F36A62",
        "borderRadius": 3,
        "borderWidth": 1,
        "flexDirection": "row",
        "height": 26,
        "opacity": 1,
      }
    }
  >
    <TextInput
      editable={true}
      focusable={true}
      multiline={true}
      onBlur={[Function]}
      onChangeText={[Function]}
      onFocus={[Function]}
      placeholder="Write a password"
      style={
        Array [
          Array [
            Object {
              "color": "#202452",
              "flex": 1,
              "fontFamily": "Inter-Medium",
              "fontSize": 14,
              "fontWeight": "500",
              "paddingLeft": 7,
              "paddingVertical": 5,
            },
            Object {
              "height": 26,
            },
          ],
        ]
      }
      value="Render Test"
    />
  </View>
  <View
    style={
      Object {
        "alignItems": "center",
        "flexDirection": "row",
        "marginTop": 5,
      }
    }
  >
    <Text
      style={
        Array [
          Object {
            "color": "#808080",
            "fontFamily": "Inter-Regular",
            "fontSize": 14,
          },
          Object {
            "color": "#F36A62",
          },
        ]
      }
    >
      Only characters
    </Text>
  </View>
</View>
`;
