// Jest Snapshot v1, https://goo.gl/fbAQLP

exports[`Running Test for Navbar Check Navbar Disabled 1`] = `
<View
  style={
    Object {
      "alignItems": "center",
      "backgroundColor": "#202452",
      "display": "flex",
      "flexDirection": "row",
      "height": 60,
      "paddingHorizontal": 20,
    }
  }
>
  <Image
    source={
      Object {
        "testUri": "../../../assets/images/logo/Etendo.png",
      }
    }
    style={
      Object {
        "height": 25,
        "width": 100,
      }
    }
  />
  <View
    style={
      Object {
        "alignItems": "center",
        "display": "flex",
        "flexDirection": "row",
      }
    }
  >
    <Image
      source={
        Object {
          "testUri": "../../../assets/images/stars.png",
        }
      }
      style={
        Object {
          "height": 36,
          "width": 30,
        }
      }
    />
    <View>
      <Text
        style={
          Object {
            "color": "#FFFFFF",
            "fontFamily": "Inter-Regular",
          }
        }
      >
        Welcome to Etendo,
      </Text>
      <Text
        style={
          Object {
            "color": "#FFFFFF",
            "fontFamily": "Inter-Medium",
            "fontSize": 18,
            "fontWeight": "800",
          }
        }
      >
        Dana!
      </Text>
    </View>
  </View>
</View>
`;
