// Jest Snapshot v1, https://goo.gl/fbAQLP

exports[`Running Test for Pagination Check Pagination Disabled 1`] = `
<View>
  <View
    accessible={true}
    collapsable={false}
    focusable={true}
    onClick={[Function]}
    onResponderGrant={[Function]}
    onResponderMove={[Function]}
    onResponderRelease={[Function]}
    onResponderTerminate={[Function]}
    onResponderTerminationRequest={[Function]}
    onStartShouldSetResponder={[Function]}
    style={
      Object {
        "alignItems": "center",
        "backgroundColor": "#FFFFFF",
        "borderColor": "#202452",
        "borderRadius": 5,
        "borderWidth": 1,
        "flexDirection": "row",
        "height": 34,
        "opacity": 1,
        "paddingLeft": 10,
        "width": "100%",
        "zIndex": 50,
      }
    }
  >
    <Text
      style={
        Object {
          "color": "#202452",
          "fontSize": 13,
          "fontWeight": "500",
        }
      }
    >
      Large
    </Text>
    <Image
      source={
        Object {
          "uri": Object {
            "testUri": "../../../assets/images/icons/arrow-down.svg",
          },
        }
      }
      style={
        Object {
          "height": 7,
          "position": "absolute",
          "right": 15,
          "width": 10,
        }
      }
    />
  </View>
</View>
`;
