// Jest Snapshot v1, https://goo.gl/fbAQLP

exports[`Running Test for Tab Check Tab Disabled 1`] = `
<View
  style={
    Array [
      Object {
        "borderColor": "#E5E5E5",
        "borderRightWidth": 0,
        "borderTopLeftRadius": 10,
        "borderTopRightRadius": 10,
        "borderWidth": 1,
        "width": "100%",
      },
      Object {
        "borderTopLeftRadius": 0,
        "borderTopRightRadius": 0,
        "borderTopWidth": 0,
      },
      Object {
        "height": undefined,
      },
    ]
  }
>
  <View
    style={
      Array [
        Object {
          "backgroundColor": "#EFF1F7",
          "flexDirection": "row",
        },
      ]
    }
  >
    <View
      style={
        Array [
          Object {
            "alignItems": "center",
            "borderColor": "#E5E5E5",
            "borderRightWidth": 1,
            "borderTopWidth": 1,
            "justifyContent": "center",
            "paddingHorizontal": 5,
            "paddingVertical": 10,
          },
          Object {
            "width": "20%",
          },
        ]
      }
    >
      <Text
        ellipsizeMode="tail"
        numberOfLines={2}
        style={
          Array [
            Object {
              "color": "#202452",
              "fontSize": 14,
              "fontWeight": "600",
              "paddingVertical": 10,
              "textAlign": "center",
            },
          ]
        }
      >
        Name
      </Text>
    </View>
    <View
      style={
        Array [
          Object {
            "alignItems": "center",
            "borderColor": "#E5E5E5",
            "borderRightWidth": 1,
            "borderTopWidth": 1,
            "justifyContent": "center",
            "paddingHorizontal": 5,
            "paddingVertical": 10,
          },
          Object {
            "width": "20%",
          },
        ]
      }
    >
      <Text
        ellipsizeMode="tail"
        numberOfLines={2}
        style={
          Array [
            Object {
              "color": "#202452",
              "fontSize": 14,
              "fontWeight": "600",
              "paddingVertical": 10,
              "textAlign": "center",
            },
          ]
        }
      >
        Email
      </Text>
    </View>
    <View
      style={
        Array [
          Object {
            "alignItems": "center",
            "borderColor": "#E5E5E5",
            "borderRightWidth": 1,
            "borderTopWidth": 1,
            "justifyContent": "center",
            "paddingHorizontal": 5,
            "paddingVertical": 10,
          },
          Object {
            "width": "20%",
          },
        ]
      }
    >
      <Text
        ellipsizeMode="tail"
        numberOfLines={2}
        style={
          Array [
            Object {
              "color": "#202452",
              "fontSize": 14,
              "fontWeight": "600",
              "paddingVertical": 10,
              "textAlign": "center",
            },
          ]
        }
      >
        Address
      </Text>
    </View>
    <View
      style={
        Array [
          Object {
            "alignItems": "center",
            "borderColor": "#E5E5E5",
            "borderRightWidth": 1,
            "borderTopWidth": 1,
            "justifyContent": "center",
            "paddingHorizontal": 5,
            "paddingVertical": 10,
          },
          Object {
            "width": "40%",
          },
        ]
      }
    >
      <Text
        ellipsizeMode="tail"
        numberOfLines={2}
        style={
          Array [
            Object {
              "color": "#202452",
              "fontSize": 14,
              "fontWeight": "600",
              "paddingVertical": 10,
              "textAlign": "center",
            },
          ]
        }
      >
        Description
      </Text>
    </View>
  </View>
  <RCTScrollView
    data={
      Array [
        Object {
          "_id": "637289556475c964f56cf7b6",
          "about": "Ex do aliqua anim magna eu. Veniam sunt eiusmod velit magna pariatur mollit magna incididunt ea magna. Tempor ea anim commodo irure magna eu consectetur non aliqua sunt veniam dolore.
",
          "address": "435 Pierrepont Place, Clarktown, Alaska, 7752",
          "age": 21,
          "email": "reesehodge@enerforce.com",
          "name": "Reese Hodge",
        },
        Object {
          "_id": "63728955263f36c240cd1b4a",
          "about": "Mollit minim eu ullamco nulla voluptate fugiat quis aliqua Lorem nisi. Veniam nostrud enim laboris officia Lorem. Aliquip anim minim pariatur mollit irure excepteur ea. Ipsum qui cupidatat et quis aliqua sit minim amet nisi commodo aliqua deserunt. Incididunt excepteur sint quis cillum culpa eu enim est cupidatat cupidatat nisi pariatur.
",
          "address": "212 Visitation Place, Zarephath, Federated States Of Micronesia, 1532",
          "age": 28,
          "email": "tanyastrickland@enerforce.com",
          "name": "Tanya Strickland",
        },
        Object {
          "_id": "63728955ee7ab58612b31cd3",
          "about": "Labore nulla irure ea aliqua et officia id pariatur eiusmod exercitation. Minim ad ad est cupidatat aute Lorem. Irure in esse voluptate aliqua do tempor ipsum aliquip Lorem. Qui consequat cillum dolor mollit ipsum proident est amet magna adipisicing.
",
          "address": "153 Clara Street, Troy, Washington, 5154",
          "age": 40,
          "email": "christiemarshall@enerforce.com",
          "name": "Christie Marshall",
        },
        Object {
          "_id": "63728955179f1ef76f5b0b29",
          "about": "Fugiat sit laboris sunt veniam id esse exercitation in pariatur ipsum qui irure. Cupidatat dolor ut officia cillum pariatur amet fugiat ullamco. Sit ex tempor sit consequat sint eiusmod laborum ullamco ullamco eiusmod sint voluptate mollit veniam. Veniam nulla ex ad occaecat. Amet in labore adipisicing nostrud nulla ad consectetur. Pariatur commodo do et sunt est.
",
          "address": "695 Cypress Court, Kempton, North Dakota, 4379",
          "age": 38,
          "email": "sampsonpearson@enerforce.com",
          "name": "Sampson Pearson",
        },
        Object {
          "_id": "63728955037d71ab03c50cc1",
          "about": "Exercitation quis proident pariatur exercitation tempor ea et ex aliqua pariatur elit. Nisi exercitation tempor adipisicing commodo minim tempor nisi enim ad labore eu dolore irure. Nulla esse deserunt non esse quis sunt et minim. Nostrud aliqua do magna officia Lorem quis sint dolore tempor. Elit ut sint dolor sint veniam aliquip id laboris aliqua nostrud excepteur et do labore. Et amet tempor aliquip adipisicing enim aliqua elit dolore id ea duis Lorem exercitation excepteur.
",
          "address": "652 Empire Boulevard, Riner, Vermont, 6357",
          "age": 36,
          "email": "normanmorin@enerforce.com",
          "name": "Norman Morin",
        },
        Object {
          "_id": "637289556f155cfaa5963299",
          "about": "Eiusmod dolore aliqua id occaecat aute officia quis deserunt. Duis sit consectetur do excepteur cillum eu labore aliquip ullamco pariatur officia excepteur. Dolore aliqua excepteur dolor eu qui. Mollit amet nisi veniam officia Lorem aliqua fugiat.
",
          "address": "529 Remsen Street, Hampstead, Nebraska, 5540",
          "age": 32,
          "email": "fieldslivingston@enerforce.com",
          "name": "Fields Livingston",
        },
        Object {
          "_id": "63728955a871627e475869d8",
          "about": "Laboris nostrud exercitation sint culpa enim minim do. Laborum nostrud ea nostrud occaecat ullamco. Aliqua esse est deserunt quis qui dolor cillum dolor laboris. Eiusmod irure esse velit pariatur do qui ut enim sint eiusmod.
",
          "address": "159 Moore Street, Sylvanite, Connecticut, 6301",
          "age": 30,
          "email": "aliciamoore@enerforce.com",
          "name": "Alicia Moore",
        },
        Object {
          "_id": "637289556e55cb1e4873353f",
          "about": "Deserunt eiusmod irure sunt consequat elit sit nostrud occaecat adipisicing quis amet non consectetur ipsum. Ut eiusmod minim irure anim esse reprehenderit laboris sit. Exercitation excepteur commodo esse deserunt duis cillum reprehenderit. Ex sit sint mollit magna nisi et in.
",
          "address": "524 Losee Terrace, Leland, California, 645",
          "age": 38,
          "email": "atkinscallahan@enerforce.com",
          "name": "Atkins Callahan",
        },
        Object {
          "_id": "63728955da2996d9583bbc69",
          "about": "Irure anim reprehenderit est ipsum deserunt tempor fugiat amet voluptate deserunt ad irure eiusmod voluptate. Culpa nisi consequat mollit cupidatat. Do officia consectetur enim in Lorem occaecat quis esse id. Nulla ea quis ex cillum sit anim aliquip mollit duis ea Lorem.
",
          "address": "861 Bennet Court, Kersey, South Carolina, 6279",
          "age": 40,
          "email": "aguirreschneider@enerforce.com",
          "name": "Aguirre Schneider",
        },
        Object {
          "_id": "63728955e1d62e14c8e402d6",
          "about": "Quis magna enim reprehenderit laborum culpa. Magna et consequat sint cupidatat id laboris ea occaecat fugiat aliquip sit labore. Culpa sunt eiusmod officia aliquip esse. Tempor adipisicing mollit elit mollit adipisicing dolore cillum cupidatat veniam magna laboris.
",
          "address": "813 Bay Parkway, Gambrills, Mississippi, 5243",
          "age": 20,
          "email": "gladysdaugherty@enerforce.com",
          "name": "Gladys Daugherty",
        },
        Object {
          "_id": "63728955567cb48a60907ee4",
          "about": "Aliqua dolor et officia sunt aliquip irure ex. Adipisicing adipisicing ex cillum mollit incididunt cupidatat elit anim id commodo consequat. Ipsum nisi elit dolore esse. Incididunt irure nisi consequat eiusmod ex ipsum sit aute in. Nulla id qui laborum ex officia occaecat dolor sunt.
",
          "address": "535 Tilden Avenue, Clay, Georgia, 5010",
          "age": 35,
          "email": "kendrakoch@enerforce.com",
          "name": "Kendra Koch",
        },
        Object {
          "_id": "637289557dbbd34c336ea162",
          "about": "Labore excepteur nostrud incididunt eu officia. Duis id tempor non commodo. Pariatur exercitation enim et cillum. Ad pariatur excepteur dolor voluptate magna pariatur nostrud mollit sit laboris id ad. Sit consectetur amet do nostrud incididunt adipisicing est ut tempor consequat sit minim duis. Magna sint adipisicing exercitation tempor esse esse minim esse. Ea fugiat et cupidatat officia do quis occaecat culpa et Lorem dolor nisi labore do.
",
          "address": "723 Onderdonk Avenue, Roeville, Nevada, 6838",
          "age": 33,
          "email": "aguilarberger@enerforce.com",
          "name": "Aguilar Berger",
        },
        Object {
          "_id": "63728955d79c0bda33fb5fca",
          "about": "Mollit amet tempor enim sit Lorem labore sint Lorem ad ea. Eiusmod minim nisi eiusmod voluptate consequat esse ex. Excepteur nulla nisi consequat sunt irure irure sint deserunt laborum labore cillum sunt pariatur Lorem. Culpa fugiat ad aliquip laboris dolore voluptate culpa magna. Exercitation minim voluptate ex excepteur consequat anim in occaecat deserunt dolor ipsum.
",
          "address": "263 Guernsey Street, Belfair, Guam, 6863",
          "age": 33,
          "email": "adriennehardy@enerforce.com",
          "name": "Adrienne Hardy",
        },
        Object {
          "_id": "6372895527db250ed0c40d3f",
          "about": "Qui pariatur duis duis elit fugiat proident nostrud veniam voluptate commodo amet cupidatat ea. Dolor quis reprehenderit tempor ad quis in sunt sunt nisi elit veniam. Anim do aliquip voluptate enim esse. Id proident amet est culpa cillum do.
",
          "address": "770 Marconi Place, Fowlerville, New Jersey, 1180",
          "age": 20,
          "email": "estescastillo@enerforce.com",
          "name": "Estes Castillo",
        },
        Object {
          "_id": "637289555bc7ecfedd89fa42",
          "about": "Incididunt fugiat exercitation magna culpa dolor pariatur quis. Ullamco sit tempor exercitation nulla fugiat amet culpa sunt ad mollit adipisicing. Pariatur proident consequat ipsum aliqua ea anim labore.
",
          "address": "560 Eckford Street, Snyderville, Kentucky, 2401",
          "age": 39,
          "email": "buchanansimmons@enerforce.com",
          "name": "Buchanan Simmons",
        },
        Object {
          "_id": "63728955720ec1b49b3b80df",
          "about": "Id minim cupidatat velit dolor irure est nostrud in ex id eiusmod minim ad. Sunt aliquip eu in qui magna incididunt cupidatat in excepteur proident. Pariatur aliqua nisi laborum do velit pariatur ad veniam elit aliquip. Excepteur fugiat laborum enim laboris mollit eu aliquip voluptate officia commodo tempor. Do id eu ad est ipsum.
",
          "address": "769 Danforth Street, Avalon, Idaho, 4389",
          "age": 26,
          "email": "suzannecasey@enerforce.com",
          "name": "Suzanne Casey",
        },
        Object {
          "_id": "6372895589ada670974ff243",
          "about": "Proident est voluptate tempor ex mollit exercitation labore occaecat eiusmod nulla consectetur nisi. In eu proident labore adipisicing quis voluptate ea id nostrud incididunt incididunt eiusmod. Enim irure do elit elit enim.
",
          "address": "741 Vanderveer Street, Lowgap, Tennessee, 9891",
          "age": 32,
          "email": "leonacarr@enerforce.com",
          "name": "Leona Carr",
        },
        Object {
          "_id": "637289555bf5ed0699a18d83",
          "about": "Mollit magna dolore deserunt reprehenderit anim deserunt nulla. Nisi mollit incididunt est incididunt enim laborum irure incididunt. Exercitation velit aute est fugiat aliqua qui incididunt deserunt in cupidatat. Aliqua officia et non esse ex elit aute minim irure qui laborum.
",
          "address": "663 Durland Place, Sunbury, Marshall Islands, 3883",
          "age": 20,
          "email": "toddmckenzie@enerforce.com",
          "name": "Todd Mckenzie",
        },
        Object {
          "_id": "637289557bc6c35582600044",
          "about": "Anim ex Lorem elit tempor incididunt nulla sit cupidatat ad deserunt consectetur. Incididunt nostrud ullamco eu duis occaecat eiusmod pariatur veniam ullamco reprehenderit. Nisi reprehenderit nisi voluptate proident magna dolore culpa tempor non et pariatur occaecat. Adipisicing dolore exercitation qui exercitation adipisicing eiusmod id dolor adipisicing cupidatat commodo laborum. Sint duis cillum aliquip ullamco sint exercitation culpa adipisicing eu. Duis ipsum pariatur elit fugiat.
",
          "address": "326 Hull Street, Ryderwood, District Of Columbia, 876",
          "age": 35,
          "email": "maciaswalsh@enerforce.com",
          "name": "Macias Walsh",
        },
        Object {
          "_id": "637289559ace736a841f7555",
          "about": "Proident in esse id magna. Fugiat fugiat consectetur officia exercitation do. Incididunt nulla voluptate nisi culpa excepteur dolore esse ea eu amet nisi irure in. Cupidatat id ut quis elit occaecat excepteur esse mollit tempor aliquip culpa ut ullamco pariatur.
",
          "address": "593 Crystal Street, Chumuckla, Palau, 1352",
          "age": 37,
          "email": "burkswalls@enerforce.com",
          "name": "Burks Walls",
        },
        Object {
          "_id": "6372895509ba19b1e63d4069",
          "about": "Nostrud exercitation adipisicing esse tempor aliqua duis magna eu nisi sunt cillum. Elit dolore ad consequat consequat. Tempor veniam amet ipsum non ipsum do aute proident mollit aliqua. Fugiat consequat cupidatat nisi sint sit ipsum esse.
",
          "address": "424 Bouck Court, Iberia, Ohio, 7989",
          "age": 20,
          "email": "brookehowell@enerforce.com",
          "name": "Brooke Howell",
        },
        Object {
          "_id": "637289556afb24dd84461f35",
          "about": "Amet aute exercitation amet cillum id. Minim mollit culpa culpa veniam reprehenderit enim aute culpa. Non quis tempor nisi proident reprehenderit excepteur sit anim duis sit duis est veniam nisi. Id enim ad officia dolore irure est.
",
          "address": "547 Denton Place, Corriganville, Michigan, 7541",
          "age": 40,
          "email": "ashleemccarty@enerforce.com",
          "name": "Ashlee Mccarty",
        },
        Object {
          "_id": "63728955d0479eab3a338a4c",
          "about": "Laborum id sint id proident laboris qui culpa ipsum. Eiusmod occaecat duis et nisi ut. Reprehenderit officia eiusmod nisi elit pariatur eiusmod consectetur. Ipsum ad nostrud cupidatat nulla id duis. Enim culpa reprehenderit excepteur cillum ad. Labore occaecat laborum est sunt.
",
          "address": "954 Creamer Street, Beason, Northern Mariana Islands, 3953",
          "age": 32,
          "email": "harringtonsantiago@enerforce.com",
          "name": "Harrington Santiago",
        },
        Object {
          "_id": "6372895578f89e77a4e46b1c",
          "about": "Eiusmod elit cillum excepteur eu ullamco quis officia. Enim ut esse occaecat veniam consequat deserunt. Ipsum voluptate ut aliqua consectetur consectetur reprehenderit elit voluptate. Commodo deserunt qui sunt eu elit adipisicing magna velit ex. Consequat deserunt quis Lorem nisi excepteur sint culpa.
",
          "address": "506 Channel Avenue, Maybell, Kansas, 3933",
          "age": 22,
          "email": "morgansmall@enerforce.com",
          "name": "Morgan Small",
        },
        Object {
          "_id": "63728955f1e038d8e1722e83",
          "about": "Ut duis excepteur magna eiusmod culpa consectetur aliquip in eu veniam. Duis quis proident tempor deserunt minim exercitation nulla nostrud consequat est ea aliquip. Sint id tempor ipsum eiusmod officia non consectetur cupidatat. Ex ea qui ex duis non fugiat dolore irure. Tempor amet dolore duis cupidatat consequat tempor veniam nisi sit est pariatur. Aliquip veniam do ex nostrud velit pariatur cillum sunt esse officia Lorem commodo eu.
",
          "address": "588 Beaver Street, Brecon, Puerto Rico, 9576",
          "age": 29,
          "email": "beasleysanchez@enerforce.com",
          "name": "Beasley Sanchez",
        },
        Object {
          "_id": "637289554795ea875ad1824e",
          "about": "Elit fugiat excepteur velit magna veniam incididunt in sint reprehenderit reprehenderit enim commodo velit culpa. Nostrud nulla elit occaecat proident consequat veniam sunt nisi eiusmod. Sit aute irure reprehenderit id Lorem ex irure. Veniam exercitation esse officia nostrud laboris Lorem est magna enim nostrud ex. Ad fugiat culpa tempor et sunt deserunt ad ipsum dolor enim est amet. Id esse consectetur officia magna ex quis voluptate dolor occaecat ipsum eu consectetur culpa culpa. Consequat Lorem ea occaecat cupidatat qui mollit nostrud commodo.
",
          "address": "247 Ridgewood Avenue, Eureka, New Hampshire, 4017",
          "age": 30,
          "email": "gaygomez@enerforce.com",
          "name": "Gay Gomez",
        },
        Object {
          "_id": "63728955ab3810149c2f9b00",
          "about": "Est reprehenderit aliquip excepteur laborum ex do ad deserunt. Dolore magna exercitation nisi sit non amet enim veniam adipisicing Lorem. Elit et excepteur amet veniam ex nostrud sit elit ea. Velit eu culpa esse irure nulla excepteur deserunt. Aliqua irure dolore pariatur fugiat adipisicing nulla est in est ullamco ad sunt anim eu. Officia et anim nulla anim irure adipisicing sunt anim. Ullamco enim anim deserunt tempor occaecat nisi.
",
          "address": "999 Conduit Boulevard, Waterloo, Arkansas, 793",
          "age": 22,
          "email": "barkerdrake@enerforce.com",
          "name": "Barker Drake",
        },
        Object {
          "_id": "637289555b74e88b2c0b9d89",
          "about": "Duis non esse ipsum duis. Culpa ullamco dolore nostrud velit nisi do nulla. Minim quis sunt ipsum velit nulla ipsum sit. Pariatur ex et quis dolore ad et eiusmod incididunt. Labore dolore non ad velit velit aliqua esse sit labore deserunt. Ea sint cillum est elit pariatur et quis.
",
          "address": "602 Lancaster Avenue, Lookingglass, Maryland, 5059",
          "age": 40,
          "email": "rosesnow@enerforce.com",
          "name": "Rose Snow",
        },
        Object {
          "_id": "63728955ee20b3ee8fe61269",
          "about": "Aliqua esse consectetur id dolor culpa magna. Laboris laboris ullamco est elit cillum commodo fugiat. Aute culpa laboris ea duis culpa incididunt irure reprehenderit quis voluptate deserunt. Nisi incididunt non aute magna anim veniam.
",
          "address": "769 Berkeley Place, Eden, Colorado, 1440",
          "age": 24,
          "email": "genevaortiz@enerforce.com",
          "name": "Geneva Ortiz",
        },
        Object {
          "_id": "637289556d8686a0ef30ff92",
          "about": "Reprehenderit tempor tempor nostrud sunt consequat ea ad. Minim laboris tempor et aliqua ipsum. Consequat laborum cillum cillum quis amet elit proident. Dolore ex adipisicing non tempor labore fugiat nisi exercitation ut occaecat mollit sint mollit. Nulla pariatur laboris irure commodo do dolore aute do consequat.
",
          "address": "841 Kansas Place, Konterra, Hawaii, 5483",
          "age": 40,
          "email": "bonitahouston@enerforce.com",
          "name": "Bonita Houston",
        },
      ]
    }
    getItem={[Function]}
    getItemCount={[Function]}
    keyExtractor={[Function]}
    onContentSizeChange={[Function]}
    onLayout={[Function]}
    onMomentumScrollBegin={[Function]}
    onMomentumScrollEnd={[Function]}
    onScroll={[Function]}
    onScrollBeginDrag={[Function]}
    onScrollEndDrag={[Function]}
    removeClippedSubviews={false}
    renderItem={[Function]}
    scrollEventThrottle={50}
    showsHorizontalScrollIndicator={false}
    showsVerticalScrollIndicator={false}
    stickyHeaderIndices={Array []}
    viewabilityConfigCallbackPairs={Array []}
  >
    <View>
      <View
        onLayout={[Function]}
        style={null}
      >
        <View
          accessible={true}
          collapsable={false}
          focusable={true}
          onBlur={[Function]}
          onClick={[Function]}
          onFocus={[Function]}
          onResponderGrant={[Function]}
          onResponderMove={[Function]}
          onResponderRelease={[Function]}
          onResponderTerminate={[Function]}
          onResponderTerminationRequest={[Function]}
          onStartShouldSetResponder={[Function]}
          style={
            Array [
              Object {
                "flexDirection": "row",
              },
              Object {
                "backgroundColor": "#FFFFFF",
              },
            ]
          }
        >
          <View
            style={
              Array [
                Object {
                  "borderColor": "#E5E5E5",
                  "borderRightWidth": 1,
                  "borderTopWidth": 1,
                  "justifyContent": "center",
                  "paddingHorizontal": 5,
                },
                Object {
                  "width": "20%",
                },
              ]
            }
          >
            <Text
              style={
                Object {
                  "color": "#202452",
                  "fontSize": 14,
                  "paddingVertical": 22.5,
                  "textAlign": "center",
                  "textAlignVertical": "center",
                }
              }
            >
              Reese Hodge
            </Text>
          </View>
          <View
            style={
              Array [
                Object {
                  "borderColor": "#E5E5E5",
                  "borderRightWidth": 1,
                  "borderTopWidth": 1,
                  "justifyContent": "center",
                  "paddingHorizontal": 5,
                },
                Object {
                  "width": "20%",
                },
              ]
            }
          >
            <Text
              style={
                Object {
                  "color": "#202452",
                  "fontSize": 14,
                  "paddingVertical": 22.5,
                  "textAlign": "center",
                  "textAlignVertical": "center",
                }
              }
            >
              reesehodge@enerforce.com
            </Text>
          </View>
          <View
            style={
              Array [
                Object {
                  "borderColor": "#E5E5E5",
                  "borderRightWidth": 1,
                  "borderTopWidth": 1,
                  "justifyContent": "center",
                  "paddingHorizontal": 5,
                },
                Object {
                  "width": "20%",
                },
              ]
            }
          >
            <Text
              style={
                Object {
                  "color": "#202452",
                  "fontSize": 14,
                  "paddingVertical": 22.5,
                  "textAlign": "center",
                  "textAlignVertical": "center",
                }
              }
            >
              435 Pierrepont Place, Clarktown, Alaska, 7752
            </Text>
          </View>
          <View
            style={
              Array [
                Object {
                  "borderColor": "#E5E5E5",
                  "borderRightWidth": 1,
                  "borderTopWidth": 1,
                  "justifyContent": "center",
                  "paddingHorizontal": 5,
                },
                Object {
                  "width": "40%",
                },
              ]
            }
          >
            <Text
              style={
                Object {
                  "color": "#202452",
                  "fontSize": 14,
                  "paddingVertical": 22.5,
                  "textAlign": "center",
                  "textAlignVertical": "center",
                }
              }
            >
              Ex do aliqua anim magna eu. Veniam sunt eiusmod velit magna pariatur mollit magna incididunt ea magna. Tempor ea anim commodo irure magna eu consectetur non aliqua sunt veniam dolore.

            </Text>
          </View>
        </View>
      </View>
      <View
        onLayout={[Function]}
        style={null}
      >
        <View
          accessible={true}
          collapsable={false}
          focusable={true}
          onBlur={[Function]}
          onClick={[Function]}
          onFocus={[Function]}
          onResponderGrant={[Function]}
          onResponderMove={[Function]}
          onResponderRelease={[Function]}
          onResponderTerminate={[Function]}
          onResponderTerminationRequest={[Function]}
          onStartShouldSetResponder={[Function]}
          style={
            Array [
              Object {
                "flexDirection": "row",
              },
              Object {
                "backgroundColor": "#EFF1F7",
              },
            ]
          }
        >
          <View
            style={
              Array [
                Object {
                  "borderColor": "#E5E5E5",
                  "borderRightWidth": 1,
                  "borderTopWidth": 1,
                  "justifyContent": "center",
                  "paddingHorizontal": 5,
                },
                Object {
                  "width": "20%",
                },
              ]
            }
          >
            <Text
              style={
                Object {
                  "color": "#202452",
                  "fontSize": 14,
                  "paddingVertical": 22.5,
                  "textAlign": "center",
                  "textAlignVertical": "center",
                }
              }
            >
              Tanya Strickland
            </Text>
          </View>
          <View
            style={
              Array [
                Object {
                  "borderColor": "#E5E5E5",
                  "borderRightWidth": 1,
                  "borderTopWidth": 1,
                  "justifyContent": "center",
                  "paddingHorizontal": 5,
                },
                Object {
                  "width": "20%",
                },
              ]
            }
          >
            <Text
              style={
                Object {
                  "color": "#202452",
                  "fontSize": 14,
                  "paddingVertical": 22.5,
                  "textAlign": "center",
                  "textAlignVertical": "center",
                }
              }
            >
              tanyastrickland@enerforce.com
            </Text>
          </View>
          <View
            style={
              Array [
                Object {
                  "borderColor": "#E5E5E5",
                  "borderRightWidth": 1,
                  "borderTopWidth": 1,
                  "justifyContent": "center",
                  "paddingHorizontal": 5,
                },
                Object {
                  "width": "20%",
                },
              ]
            }
          >
            <Text
              style={
                Object {
                  "color": "#202452",
                  "fontSize": 14,
                  "paddingVertical": 22.5,
                  "textAlign": "center",
                  "textAlignVertical": "center",
                }
              }
            >
              212 Visitation Place, Zarephath, Federated States Of Micronesia, 1532
            </Text>
          </View>
          <View
            style={
              Array [
                Object {
                  "borderColor": "#E5E5E5",
                  "borderRightWidth": 1,
                  "borderTopWidth": 1,
                  "justifyContent": "center",
                  "paddingHorizontal": 5,
                },
                Object {
                  "width": "40%",
                },
              ]
            }
          >
            <Text
              style={
                Object {
                  "color": "#202452",
                  "fontSize": 14,
                  "paddingVertical": 22.5,
                  "textAlign": "center",
                  "textAlignVertical": "center",
                }
              }
            >
              Mollit minim eu ullamco nulla voluptate fugiat quis aliqua Lorem nisi. Veniam nostrud enim laboris officia Lorem. Aliquip anim minim pariatur mollit irure excepteur ea. Ipsum qui cupidatat et quis aliqua sit minim amet nisi commodo aliqua deserunt. Incididunt excepteur sint quis cillum culpa eu enim est cupidatat cupidatat nisi pariatur.

            </Text>
          </View>
        </View>
      </View>
      <View
        onLayout={[Function]}
        style={null}
      >
        <View
          accessible={true}
          collapsable={false}
          focusable={true}
          onBlur={[Function]}
          onClick={[Function]}
          onFocus={[Function]}
          onResponderGrant={[Function]}
          onResponderMove={[Function]}
          onResponderRelease={[Function]}
          onResponderTerminate={[Function]}
          onResponderTerminationRequest={[Function]}
          onStartShouldSetResponder={[Function]}
          style={
            Array [
              Object {
                "flexDirection": "row",
              },
              Object {
                "backgroundColor": "#FFFFFF",
              },
            ]
          }
        >
          <View
            style={
              Array [
                Object {
                  "borderColor": "#E5E5E5",
                  "borderRightWidth": 1,
                  "borderTopWidth": 1,
                  "justifyContent": "center",
                  "paddingHorizontal": 5,
                },
                Object {
                  "width": "20%",
                },
              ]
            }
          >
            <Text
              style={
                Object {
                  "color": "#202452",
                  "fontSize": 14,
                  "paddingVertical": 22.5,
                  "textAlign": "center",
                  "textAlignVertical": "center",
                }
              }
            >
              Christie Marshall
            </Text>
          </View>
          <View
            style={
              Array [
                Object {
                  "borderColor": "#E5E5E5",
                  "borderRightWidth": 1,
                  "borderTopWidth": 1,
                  "justifyContent": "center",
                  "paddingHorizontal": 5,
                },
                Object {
                  "width": "20%",
                },
              ]
            }
          >
            <Text
              style={
                Object {
                  "color": "#202452",
                  "fontSize": 14,
                  "paddingVertical": 22.5,
                  "textAlign": "center",
                  "textAlignVertical": "center",
                }
              }
            >
              christiemarshall@enerforce.com
            </Text>
          </View>
          <View
            style={
              Array [
                Object {
                  "borderColor": "#E5E5E5",
                  "borderRightWidth": 1,
                  "borderTopWidth": 1,
                  "justifyContent": "center",
                  "paddingHorizontal": 5,
                },
                Object {
                  "width": "20%",
                },
              ]
            }
          >
            <Text
              style={
                Object {
                  "color": "#202452",
                  "fontSize": 14,
                  "paddingVertical": 22.5,
                  "textAlign": "center",
                  "textAlignVertical": "center",
                }
              }
            >
              153 Clara Street, Troy, Washington, 5154
            </Text>
          </View>
          <View
            style={
              Array [
                Object {
                  "borderColor": "#E5E5E5",
                  "borderRightWidth": 1,
                  "borderTopWidth": 1,
                  "justifyContent": "center",
                  "paddingHorizontal": 5,
                },
                Object {
                  "width": "40%",
                },
              ]
            }
          >
            <Text
              style={
                Object {
                  "color": "#202452",
                  "fontSize": 14,
                  "paddingVertical": 22.5,
                  "textAlign": "center",
                  "textAlignVertical": "center",
                }
              }
            >
              Labore nulla irure ea aliqua et officia id pariatur eiusmod exercitation. Minim ad ad est cupidatat aute Lorem. Irure in esse voluptate aliqua do tempor ipsum aliquip Lorem. Qui consequat cillum dolor mollit ipsum proident est amet magna adipisicing.

            </Text>
          </View>
        </View>
      </View>
      <View
        onLayout={[Function]}
        style={null}
      >
        <View
          accessible={true}
          collapsable={false}
          focusable={true}
          onBlur={[Function]}
          onClick={[Function]}
          onFocus={[Function]}
          onResponderGrant={[Function]}
          onResponderMove={[Function]}
          onResponderRelease={[Function]}
          onResponderTerminate={[Function]}
          onResponderTerminationRequest={[Function]}
          onStartShouldSetResponder={[Function]}
          style={
            Array [
              Object {
                "flexDirection": "row",
              },
              Object {
                "backgroundColor": "#EFF1F7",
              },
            ]
          }
        >
          <View
            style={
              Array [
                Object {
                  "borderColor": "#E5E5E5",
                  "borderRightWidth": 1,
                  "borderTopWidth": 1,
                  "justifyContent": "center",
                  "paddingHorizontal": 5,
                },
                Object {
                  "width": "20%",
                },
              ]
            }
          >
            <Text
              style={
                Object {
                  "color": "#202452",
                  "fontSize": 14,
                  "paddingVertical": 22.5,
                  "textAlign": "center",
                  "textAlignVertical": "center",
                }
              }
            >
              Sampson Pearson
            </Text>
          </View>
          <View
            style={
              Array [
                Object {
                  "borderColor": "#E5E5E5",
                  "borderRightWidth": 1,
                  "borderTopWidth": 1,
                  "justifyContent": "center",
                  "paddingHorizontal": 5,
                },
                Object {
                  "width": "20%",
                },
              ]
            }
          >
            <Text
              style={
                Object {
                  "color": "#202452",
                  "fontSize": 14,
                  "paddingVertical": 22.5,
                  "textAlign": "center",
                  "textAlignVertical": "center",
                }
              }
            >
              sampsonpearson@enerforce.com
            </Text>
          </View>
          <View
            style={
              Array [
                Object {
                  "borderColor": "#E5E5E5",
                  "borderRightWidth": 1,
                  "borderTopWidth": 1,
                  "justifyContent": "center",
                  "paddingHorizontal": 5,
                },
                Object {
                  "width": "20%",
                },
              ]
            }
          >
            <Text
              style={
                Object {
                  "color": "#202452",
                  "fontSize": 14,
                  "paddingVertical": 22.5,
                  "textAlign": "center",
                  "textAlignVertical": "center",
                }
              }
            >
              695 Cypress Court, Kempton, North Dakota, 4379
            </Text>
          </View>
          <View
            style={
              Array [
                Object {
                  "borderColor": "#E5E5E5",
                  "borderRightWidth": 1,
                  "borderTopWidth": 1,
                  "justifyContent": "center",
                  "paddingHorizontal": 5,
                },
                Object {
                  "width": "40%",
                },
              ]
            }
          >
            <Text
              style={
                Object {
                  "color": "#202452",
                  "fontSize": 14,
                  "paddingVertical": 22.5,
                  "textAlign": "center",
                  "textAlignVertical": "center",
                }
              }
            >
              Fugiat sit laboris sunt veniam id esse exercitation in pariatur ipsum qui irure. Cupidatat dolor ut officia cillum pariatur amet fugiat ullamco. Sit ex tempor sit consequat sint eiusmod laborum ullamco ullamco eiusmod sint voluptate mollit veniam. Veniam nulla ex ad occaecat. Amet in labore adipisicing nostrud nulla ad consectetur. Pariatur commodo do et sunt est.

            </Text>
          </View>
        </View>
      </View>
      <View
        onLayout={[Function]}
        style={null}
      >
        <View
          accessible={true}
          collapsable={false}
          focusable={true}
          onBlur={[Function]}
          onClick={[Function]}
          onFocus={[Function]}
          onResponderGrant={[Function]}
          onResponderMove={[Function]}
          onResponderRelease={[Function]}
          onResponderTerminate={[Function]}
          onResponderTerminationRequest={[Function]}
          onStartShouldSetResponder={[Function]}
          style={
            Array [
              Object {
                "flexDirection": "row",
              },
              Object {
                "backgroundColor": "#FFFFFF",
              },
            ]
          }
        >
          <View
            style={
              Array [
                Object {
                  "borderColor": "#E5E5E5",
                  "borderRightWidth": 1,
                  "borderTopWidth": 1,
                  "justifyContent": "center",
                  "paddingHorizontal": 5,
                },
                Object {
                  "width": "20%",
                },
              ]
            }
          >
            <Text
              style={
                Object {
                  "color": "#202452",
                  "fontSize": 14,
                  "paddingVertical": 22.5,
                  "textAlign": "center",
                  "textAlignVertical": "center",
                }
              }
            >
              Norman Morin
            </Text>
          </View>
          <View
            style={
              Array [
                Object {
                  "borderColor": "#E5E5E5",
                  "borderRightWidth": 1,
                  "borderTopWidth": 1,
                  "justifyContent": "center",
                  "paddingHorizontal": 5,
                },
                Object {
                  "width": "20%",
                },
              ]
            }
          >
            <Text
              style={
                Object {
                  "color": "#202452",
                  "fontSize": 14,
                  "paddingVertical": 22.5,
                  "textAlign": "center",
                  "textAlignVertical": "center",
                }
              }
            >
              normanmorin@enerforce.com
            </Text>
          </View>
          <View
            style={
              Array [
                Object {
                  "borderColor": "#E5E5E5",
                  "borderRightWidth": 1,
                  "borderTopWidth": 1,
                  "justifyContent": "center",
                  "paddingHorizontal": 5,
                },
                Object {
                  "width": "20%",
                },
              ]
            }
          >
            <Text
              style={
                Object {
                  "color": "#202452",
                  "fontSize": 14,
                  "paddingVertical": 22.5,
                  "textAlign": "center",
                  "textAlignVertical": "center",
                }
              }
            >
              652 Empire Boulevard, Riner, Vermont, 6357
            </Text>
          </View>
          <View
            style={
              Array [
                Object {
                  "borderColor": "#E5E5E5",
                  "borderRightWidth": 1,
                  "borderTopWidth": 1,
                  "justifyContent": "center",
                  "paddingHorizontal": 5,
                },
                Object {
                  "width": "40%",
                },
              ]
            }
          >
            <Text
              style={
                Object {
                  "color": "#202452",
                  "fontSize": 14,
                  "paddingVertical": 22.5,
                  "textAlign": "center",
                  "textAlignVertical": "center",
                }
              }
            >
              Exercitation quis proident pariatur exercitation tempor ea et ex aliqua pariatur elit. Nisi exercitation tempor adipisicing commodo minim tempor nisi enim ad labore eu dolore irure. Nulla esse deserunt non esse quis sunt et minim. Nostrud aliqua do magna officia Lorem quis sint dolore tempor. Elit ut sint dolor sint veniam aliquip id laboris aliqua nostrud excepteur et do labore. Et amet tempor aliquip adipisicing enim aliqua elit dolore id ea duis Lorem exercitation excepteur.

            </Text>
          </View>
        </View>
      </View>
      <View
        onLayout={[Function]}
        style={null}
      >
        <View
          accessible={true}
          collapsable={false}
          focusable={true}
          onBlur={[Function]}
          onClick={[Function]}
          onFocus={[Function]}
          onResponderGrant={[Function]}
          onResponderMove={[Function]}
          onResponderRelease={[Function]}
          onResponderTerminate={[Function]}
          onResponderTerminationRequest={[Function]}
          onStartShouldSetResponder={[Function]}
          style={
            Array [
              Object {
                "flexDirection": "row",
              },
              Object {
                "backgroundColor": "#EFF1F7",
              },
            ]
          }
        >
          <View
            style={
              Array [
                Object {
                  "borderColor": "#E5E5E5",
                  "borderRightWidth": 1,
                  "borderTopWidth": 1,
                  "justifyContent": "center",
                  "paddingHorizontal": 5,
                },
                Object {
                  "width": "20%",
                },
              ]
            }
          >
            <Text
              style={
                Object {
                  "color": "#202452",
                  "fontSize": 14,
                  "paddingVertical": 22.5,
                  "textAlign": "center",
                  "textAlignVertical": "center",
                }
              }
            >
              Fields Livingston
            </Text>
          </View>
          <View
            style={
              Array [
                Object {
                  "borderColor": "#E5E5E5",
                  "borderRightWidth": 1,
                  "borderTopWidth": 1,
                  "justifyContent": "center",
                  "paddingHorizontal": 5,
                },
                Object {
                  "width": "20%",
                },
              ]
            }
          >
            <Text
              style={
                Object {
                  "color": "#202452",
                  "fontSize": 14,
                  "paddingVertical": 22.5,
                  "textAlign": "center",
                  "textAlignVertical": "center",
                }
              }
            >
              fieldslivingston@enerforce.com
            </Text>
          </View>
          <View
            style={
              Array [
                Object {
                  "borderColor": "#E5E5E5",
                  "borderRightWidth": 1,
                  "borderTopWidth": 1,
                  "justifyContent": "center",
                  "paddingHorizontal": 5,
                },
                Object {
                  "width": "20%",
                },
              ]
            }
          >
            <Text
              style={
                Object {
                  "color": "#202452",
                  "fontSize": 14,
                  "paddingVertical": 22.5,
                  "textAlign": "center",
                  "textAlignVertical": "center",
                }
              }
            >
              529 Remsen Street, Hampstead, Nebraska, 5540
            </Text>
          </View>
          <View
            style={
              Array [
                Object {
                  "borderColor": "#E5E5E5",
                  "borderRightWidth": 1,
                  "borderTopWidth": 1,
                  "justifyContent": "center",
                  "paddingHorizontal": 5,
                },
                Object {
                  "width": "40%",
                },
              ]
            }
          >
            <Text
              style={
                Object {
                  "color": "#202452",
                  "fontSize": 14,
                  "paddingVertical": 22.5,
                  "textAlign": "center",
                  "textAlignVertical": "center",
                }
              }
            >
              Eiusmod dolore aliqua id occaecat aute officia quis deserunt. Duis sit consectetur do excepteur cillum eu labore aliquip ullamco pariatur officia excepteur. Dolore aliqua excepteur dolor eu qui. Mollit amet nisi veniam officia Lorem aliqua fugiat.

            </Text>
          </View>
        </View>
      </View>
      <View
        onLayout={[Function]}
        style={null}
      >
        <View
          accessible={true}
          collapsable={false}
          focusable={true}
          onBlur={[Function]}
          onClick={[Function]}
          onFocus={[Function]}
          onResponderGrant={[Function]}
          onResponderMove={[Function]}
          onResponderRelease={[Function]}
          onResponderTerminate={[Function]}
          onResponderTerminationRequest={[Function]}
          onStartShouldSetResponder={[Function]}
          style={
            Array [
              Object {
                "flexDirection": "row",
              },
              Object {
                "backgroundColor": "#FFFFFF",
              },
            ]
          }
        >
          <View
            style={
              Array [
                Object {
                  "borderColor": "#E5E5E5",
                  "borderRightWidth": 1,
                  "borderTopWidth": 1,
                  "justifyContent": "center",
                  "paddingHorizontal": 5,
                },
                Object {
                  "width": "20%",
                },
              ]
            }
          >
            <Text
              style={
                Object {
                  "color": "#202452",
                  "fontSize": 14,
                  "paddingVertical": 22.5,
                  "textAlign": "center",
                  "textAlignVertical": "center",
                }
              }
            >
              Alicia Moore
            </Text>
          </View>
          <View
            style={
              Array [
                Object {
                  "borderColor": "#E5E5E5",
                  "borderRightWidth": 1,
                  "borderTopWidth": 1,
                  "justifyContent": "center",
                  "paddingHorizontal": 5,
                },
                Object {
                  "width": "20%",
                },
              ]
            }
          >
            <Text
              style={
                Object {
                  "color": "#202452",
                  "fontSize": 14,
                  "paddingVertical": 22.5,
                  "textAlign": "center",
                  "textAlignVertical": "center",
                }
              }
            >
              aliciamoore@enerforce.com
            </Text>
          </View>
          <View
            style={
              Array [
                Object {
                  "borderColor": "#E5E5E5",
                  "borderRightWidth": 1,
                  "borderTopWidth": 1,
                  "justifyContent": "center",
                  "paddingHorizontal": 5,
                },
                Object {
                  "width": "20%",
                },
              ]
            }
          >
            <Text
              style={
                Object {
                  "color": "#202452",
                  "fontSize": 14,
                  "paddingVertical": 22.5,
                  "textAlign": "center",
                  "textAlignVertical": "center",
                }
              }
            >
              159 Moore Street, Sylvanite, Connecticut, 6301
            </Text>
          </View>
          <View
            style={
              Array [
                Object {
                  "borderColor": "#E5E5E5",
                  "borderRightWidth": 1,
                  "borderTopWidth": 1,
                  "justifyContent": "center",
                  "paddingHorizontal": 5,
                },
                Object {
                  "width": "40%",
                },
              ]
            }
          >
            <Text
              style={
                Object {
                  "color": "#202452",
                  "fontSize": 14,
                  "paddingVertical": 22.5,
                  "textAlign": "center",
                  "textAlignVertical": "center",
                }
              }
            >
              Laboris nostrud exercitation sint culpa enim minim do. Laborum nostrud ea nostrud occaecat ullamco. Aliqua esse est deserunt quis qui dolor cillum dolor laboris. Eiusmod irure esse velit pariatur do qui ut enim sint eiusmod.

            </Text>
          </View>
        </View>
      </View>
      <View
        onLayout={[Function]}
        style={null}
      >
        <View
          accessible={true}
          collapsable={false}
          focusable={true}
          onBlur={[Function]}
          onClick={[Function]}
          onFocus={[Function]}
          onResponderGrant={[Function]}
          onResponderMove={[Function]}
          onResponderRelease={[Function]}
          onResponderTerminate={[Function]}
          onResponderTerminationRequest={[Function]}
          onStartShouldSetResponder={[Function]}
          style={
            Array [
              Object {
                "flexDirection": "row",
              },
              Object {
                "backgroundColor": "#EFF1F7",
              },
            ]
          }
        >
          <View
            style={
              Array [
                Object {
                  "borderColor": "#E5E5E5",
                  "borderRightWidth": 1,
                  "borderTopWidth": 1,
                  "justifyContent": "center",
                  "paddingHorizontal": 5,
                },
                Object {
                  "width": "20%",
                },
              ]
            }
          >
            <Text
              style={
                Object {
                  "color": "#202452",
                  "fontSize": 14,
                  "paddingVertical": 22.5,
                  "textAlign": "center",
                  "textAlignVertical": "center",
                }
              }
            >
              Atkins Callahan
            </Text>
          </View>
          <View
            style={
              Array [
                Object {
                  "borderColor": "#E5E5E5",
                  "borderRightWidth": 1,
                  "borderTopWidth": 1,
                  "justifyContent": "center",
                  "paddingHorizontal": 5,
                },
                Object {
                  "width": "20%",
                },
              ]
            }
          >
            <Text
              style={
                Object {
                  "color": "#202452",
                  "fontSize": 14,
                  "paddingVertical": 22.5,
                  "textAlign": "center",
                  "textAlignVertical": "center",
                }
              }
            >
              atkinscallahan@enerforce.com
            </Text>
          </View>
          <View
            style={
              Array [
                Object {
                  "borderColor": "#E5E5E5",
                  "borderRightWidth": 1,
                  "borderTopWidth": 1,
                  "justifyContent": "center",
                  "paddingHorizontal": 5,
                },
                Object {
                  "width": "20%",
                },
              ]
            }
          >
            <Text
              style={
                Object {
                  "color": "#202452",
                  "fontSize": 14,
                  "paddingVertical": 22.5,
                  "textAlign": "center",
                  "textAlignVertical": "center",
                }
              }
            >
              524 Losee Terrace, Leland, California, 645
            </Text>
          </View>
          <View
            style={
              Array [
                Object {
                  "borderColor": "#E5E5E5",
                  "borderRightWidth": 1,
                  "borderTopWidth": 1,
                  "justifyContent": "center",
                  "paddingHorizontal": 5,
                },
                Object {
                  "width": "40%",
                },
              ]
            }
          >
            <Text
              style={
                Object {
                  "color": "#202452",
                  "fontSize": 14,
                  "paddingVertical": 22.5,
                  "textAlign": "center",
                  "textAlignVertical": "center",
                }
              }
            >
              Deserunt eiusmod irure sunt consequat elit sit nostrud occaecat adipisicing quis amet non consectetur ipsum. Ut eiusmod minim irure anim esse reprehenderit laboris sit. Exercitation excepteur commodo esse deserunt duis cillum reprehenderit. Ex sit sint mollit magna nisi et in.

            </Text>
          </View>
        </View>
      </View>
      <View
        onLayout={[Function]}
        style={null}
      >
        <View
          accessible={true}
          collapsable={false}
          focusable={true}
          onBlur={[Function]}
          onClick={[Function]}
          onFocus={[Function]}
          onResponderGrant={[Function]}
          onResponderMove={[Function]}
          onResponderRelease={[Function]}
          onResponderTerminate={[Function]}
          onResponderTerminationRequest={[Function]}
          onStartShouldSetResponder={[Function]}
          style={
            Array [
              Object {
                "flexDirection": "row",
              },
              Object {
                "backgroundColor": "#FFFFFF",
              },
            ]
          }
        >
          <View
            style={
              Array [
                Object {
                  "borderColor": "#E5E5E5",
                  "borderRightWidth": 1,
                  "borderTopWidth": 1,
                  "justifyContent": "center",
                  "paddingHorizontal": 5,
                },
                Object {
                  "width": "20%",
                },
              ]
            }
          >
            <Text
              style={
                Object {
                  "color": "#202452",
                  "fontSize": 14,
                  "paddingVertical": 22.5,
                  "textAlign": "center",
                  "textAlignVertical": "center",
                }
              }
            >
              Aguirre Schneider
            </Text>
          </View>
          <View
            style={
              Array [
                Object {
                  "borderColor": "#E5E5E5",
                  "borderRightWidth": 1,
                  "borderTopWidth": 1,
                  "justifyContent": "center",
                  "paddingHorizontal": 5,
                },
                Object {
                  "width": "20%",
                },
              ]
            }
          >
            <Text
              style={
                Object {
                  "color": "#202452",
                  "fontSize": 14,
                  "paddingVertical": 22.5,
                  "textAlign": "center",
                  "textAlignVertical": "center",
                }
              }
            >
              aguirreschneider@enerforce.com
            </Text>
          </View>
          <View
            style={
              Array [
                Object {
                  "borderColor": "#E5E5E5",
                  "borderRightWidth": 1,
                  "borderTopWidth": 1,
                  "justifyContent": "center",
                  "paddingHorizontal": 5,
                },
                Object {
                  "width": "20%",
                },
              ]
            }
          >
            <Text
              style={
                Object {
                  "color": "#202452",
                  "fontSize": 14,
                  "paddingVertical": 22.5,
                  "textAlign": "center",
                  "textAlignVertical": "center",
                }
              }
            >
              861 Bennet Court, Kersey, South Carolina, 6279
            </Text>
          </View>
          <View
            style={
              Array [
                Object {
                  "borderColor": "#E5E5E5",
                  "borderRightWidth": 1,
                  "borderTopWidth": 1,
                  "justifyContent": "center",
                  "paddingHorizontal": 5,
                },
                Object {
                  "width": "40%",
                },
              ]
            }
          >
            <Text
              style={
                Object {
                  "color": "#202452",
                  "fontSize": 14,
                  "paddingVertical": 22.5,
                  "textAlign": "center",
                  "textAlignVertical": "center",
                }
              }
            >
              Irure anim reprehenderit est ipsum deserunt tempor fugiat amet voluptate deserunt ad irure eiusmod voluptate. Culpa nisi consequat mollit cupidatat. Do officia consectetur enim in Lorem occaecat quis esse id. Nulla ea quis ex cillum sit anim aliquip mollit duis ea Lorem.

            </Text>
          </View>
        </View>
      </View>
      <View
        onLayout={[Function]}
        style={null}
      >
        <View
          accessible={true}
          collapsable={false}
          focusable={true}
          onBlur={[Function]}
          onClick={[Function]}
          onFocus={[Function]}
          onResponderGrant={[Function]}
          onResponderMove={[Function]}
          onResponderRelease={[Function]}
          onResponderTerminate={[Function]}
          onResponderTerminationRequest={[Function]}
          onStartShouldSetResponder={[Function]}
          style={
            Array [
              Object {
                "flexDirection": "row",
              },
              Object {
                "backgroundColor": "#EFF1F7",
              },
            ]
          }
        >
          <View
            style={
              Array [
                Object {
                  "borderColor": "#E5E5E5",
                  "borderRightWidth": 1,
                  "borderTopWidth": 1,
                  "justifyContent": "center",
                  "paddingHorizontal": 5,
                },
                Object {
                  "width": "20%",
                },
              ]
            }
          >
            <Text
              style={
                Object {
                  "color": "#202452",
                  "fontSize": 14,
                  "paddingVertical": 22.5,
                  "textAlign": "center",
                  "textAlignVertical": "center",
                }
              }
            >
              Gladys Daugherty
            </Text>
          </View>
          <View
            style={
              Array [
                Object {
                  "borderColor": "#E5E5E5",
                  "borderRightWidth": 1,
                  "borderTopWidth": 1,
                  "justifyContent": "center",
                  "paddingHorizontal": 5,
                },
                Object {
                  "width": "20%",
                },
              ]
            }
          >
            <Text
              style={
                Object {
                  "color": "#202452",
                  "fontSize": 14,
                  "paddingVertical": 22.5,
                  "textAlign": "center",
                  "textAlignVertical": "center",
                }
              }
            >
              gladysdaugherty@enerforce.com
            </Text>
          </View>
          <View
            style={
              Array [
                Object {
                  "borderColor": "#E5E5E5",
                  "borderRightWidth": 1,
                  "borderTopWidth": 1,
                  "justifyContent": "center",
                  "paddingHorizontal": 5,
                },
                Object {
                  "width": "20%",
                },
              ]
            }
          >
            <Text
              style={
                Object {
                  "color": "#202452",
                  "fontSize": 14,
                  "paddingVertical": 22.5,
                  "textAlign": "center",
                  "textAlignVertical": "center",
                }
              }
            >
              813 Bay Parkway, Gambrills, Mississippi, 5243
            </Text>
          </View>
          <View
            style={
              Array [
                Object {
                  "borderColor": "#E5E5E5",
                  "borderRightWidth": 1,
                  "borderTopWidth": 1,
                  "justifyContent": "center",
                  "paddingHorizontal": 5,
                },
                Object {
                  "width": "40%",
                },
              ]
            }
          >
            <Text
              style={
                Object {
                  "color": "#202452",
                  "fontSize": 14,
                  "paddingVertical": 22.5,
                  "textAlign": "center",
                  "textAlignVertical": "center",
                }
              }
            >
              Quis magna enim reprehenderit laborum culpa. Magna et consequat sint cupidatat id laboris ea occaecat fugiat aliquip sit labore. Culpa sunt eiusmod officia aliquip esse. Tempor adipisicing mollit elit mollit adipisicing dolore cillum cupidatat veniam magna laboris.

            </Text>
          </View>
        </View>
      </View>
      <View
        style={
          Object {
            "height": 0,
          }
        }
      />
    </View>
  </RCTScrollView>
</View>
`;
