// Jest Snapshot v1, https://goo.gl/fbAQLP

exports[`Running Test for Tab Check Tab Disabled 1`] = `
<div
  className="css-view-175oi2r r-alignItems-1awozwy r-flexDirection-18u37iz r-height-eu3ka"
  dir={null}
>
  <div
    className="css-view-175oi2r r-cursor-1loqt21 r-touchAction-1otgn73 r-alignItems-1awozwy r-borderBottomColor-1klkep1 r-borderBottomWidth-opedn5 r-borderTopWidth-eujbse r-flex-13awgt0 r-height-eu3ka r-justifyContent-1777fci r-paddingInline-1ubuhtd"
    dir={null}
    onBlur={[Function]}
    onClick={[Function]}
    onContextMenu={[Function]}
    onFocus={[Function]}
    onKeyDown={[Function]}
    style={
      {
        "backgroundColor": "rgba(32,36,82,1.00)",
        "borderTopColor": "rgba(250,214,20,1.00)",
      }
    }
    tabIndex={0}
  >
    <div
      className="css-text-146c3p1 r-maxWidth-dnmrzs r-overflow-1udh08x r-textOverflow-1udbk01 r-whiteSpace-3s2u2q r-wordWrap-1iln25a"
      dir="auto"
      style={
        {
          "color": "rgba(255,255,255,1.00)",
        }
      }
    >
      Home
    </div>
  </div>
  <div
    className="css-view-175oi2r r-cursor-1loqt21 r-touchAction-1otgn73 r-alignItems-1awozwy r-borderBottomColor-1klkep1 r-borderBottomWidth-opedn5 r-borderTopWidth-eujbse r-flex-13awgt0 r-height-eu3ka r-justifyContent-1777fci r-paddingInline-1ubuhtd"
    dir={null}
    onBlur={[Function]}
    onClick={[Function]}
    onContextMenu={[Function]}
    onFocus={[Function]}
    onKeyDown={[Function]}
    style={
      {
        "backgroundColor": "rgba(211,214,225,1.00)",
        "borderTopColor": "rgba(0,0,0,0.00)",
      }
    }
    tabIndex={0}
  >
    <div
      className="css-text-146c3p1 r-maxWidth-dnmrzs r-overflow-1udh08x r-textOverflow-1udbk01 r-whiteSpace-3s2u2q r-wordWrap-1iln25a"
      dir="auto"
      style={
        {
          "color": "rgba(32,36,82,1.00)",
        }
      }
    >
      About
    </div>
  </div>
  <div
    className="css-view-175oi2r r-cursor-1loqt21 r-touchAction-1otgn73 r-alignItems-1awozwy r-borderBottomColor-1klkep1 r-borderBottomWidth-opedn5 r-borderTopWidth-eujbse r-flex-13awgt0 r-height-eu3ka r-justifyContent-1777fci r-paddingInline-1ubuhtd"
    dir={null}
    onBlur={[Function]}
    onClick={[Function]}
    onContextMenu={[Function]}
    onFocus={[Function]}
    onKeyDown={[Function]}
    style={
      {
        "backgroundColor": "rgba(211,214,225,1.00)",
        "borderTopColor": "rgba(0,0,0,0.00)",
      }
    }
    tabIndex={0}
  >
    <div
      className="css-text-146c3p1 r-maxWidth-dnmrzs r-overflow-1udh08x r-textOverflow-1udbk01 r-whiteSpace-3s2u2q r-wordWrap-1iln25a"
      dir="auto"
      style={
        {
          "color": "rgba(32,36,82,1.00)",
        }
      }
    >
      Staff
    </div>
  </div>
  <div
    className="css-view-175oi2r r-cursor-1loqt21 r-touchAction-1otgn73 r-alignItems-1awozwy r-borderBottomColor-1klkep1 r-borderBottomWidth-opedn5 r-borderTopWidth-eujbse r-flex-13awgt0 r-height-eu3ka r-justifyContent-1777fci r-paddingInline-1ubuhtd"
    dir={null}
    onBlur={[Function]}
    onClick={[Function]}
    onContextMenu={[Function]}
    onFocus={[Function]}
    onKeyDown={[Function]}
    style={
      {
        "backgroundColor": "rgba(211,214,225,1.00)",
        "borderTopColor": "rgba(0,0,0,0.00)",
      }
    }
    tabIndex={0}
  >
    <div
      className="css-text-146c3p1 r-maxWidth-dnmrzs r-overflow-1udh08x r-textOverflow-1udbk01 r-whiteSpace-3s2u2q r-wordWrap-1iln25a"
      dir="auto"
      style={
        {
          "color": "rgba(32,36,82,1.00)",
        }
      }
    >
      Login
    </div>
  </div>
  <div
    className="css-view-175oi2r r-cursor-1loqt21 r-touchAction-1otgn73 r-alignItems-1awozwy r-borderBottomColor-1klkep1 r-borderBottomWidth-opedn5 r-borderTopWidth-eujbse r-flex-13awgt0 r-height-eu3ka r-justifyContent-1777fci r-paddingInline-1ubuhtd"
    dir={null}
    onBlur={[Function]}
    onClick={[Function]}
    onContextMenu={[Function]}
    onFocus={[Function]}
    onKeyDown={[Function]}
    style={
      {
        "backgroundColor": "rgba(211,214,225,1.00)",
        "borderTopColor": "rgba(0,0,0,0.00)",
      }
    }
    tabIndex={0}
  >
    <div
      className="css-text-146c3p1 r-maxWidth-dnmrzs r-overflow-1udh08x r-textOverflow-1udbk01 r-whiteSpace-3s2u2q r-wordWrap-1iln25a"
      dir="auto"
      style={
        {
          "color": "rgba(32,36,82,1.00)",
        }
      }
    >
      Logout
    </div>
  </div>
</div>
`;
