// Jest Snapshot v1, https://goo.gl/fbAQLP

exports[`Running Test for StatusBarStep1Active Check StatusBarStep1Active 1`] = `
<View
  style={
    Object {
      "backgroundColor": "#FAD614",
      "flex": 1,
      "height": 45,
      "width": "100%",
    }
  }
>
  <View
    style={
      Object {
        "backgroundColor": "#202452",
        "flex": 1,
        "height": "50%",
        "width": "100%",
      }
    }
  />
  <View
    style={
      Object {
        "backgroundColor": "#FAD614",
        "flex": 1,
        "height": "50%",
        "width": "100%",
      }
    }
  />
  <View
    style={
      Object {
        "backgroundColor": "#FAD614",
        "height": "50%",
        "position": "absolute",
        "width": "50%",
      }
    }
  />
  <View
    style={
      Object {
        "backgroundColor": "#202452",
        "height": "50%",
        "width": "50%",
      }
    }
  />
  <View
    style={
      Object {
        "backgroundColor": "#202452",
        "borderRadius": 26,
        "height": "50%",
        "left": "80%",
        "position": "absolute",
        "width": "20%",
        "zIndex": 1,
      }
    }
  />
  <View
    style={
      Object {
        "alignItems": "center",
        "backgroundColor": "#202452",
        "borderTopEndRadius": 26,
        "borderTopRightRadius": 26,
        "flex": 1,
        "flexDirection": "row",
        "height": "100%",
        "justifyContent": "center",
        "position": "absolute",
        "width": "40%",
        "zIndex": 1,
      }
    }
  >
    <Text
      style={
        Object {
          "color": "#FFFFFF",
          "fontSize": 17,
          "fontWeight": "bold",
          "marginLeft": 265,
        }
      }
    >
      1. Vehicles
    </Text>
  </View>
  <View
    style={
      Object {
        "alignItems": "center",
        "backgroundColor": "#FAD614",
        "borderBottomLeftRadius": 26,
        "borderTopEndRadius": 26,
        "borderTopRightRadius": 26,
        "flex": 1,
        "flexDirection": "row",
        "height": "100%",
        "justifyContent": "center",
        "left": "40%",
        "position": "absolute",
        "width": "40.4%",
        "zIndex": 1,
      }
    }
  >
    <View
      style={
        Object {
          "flexDirection": "row",
          "height": "80%",
          "left": 0,
          "marginRight": 45,
          "width": "35%",
        }
      }
    >
      <Image
        source={
          Object {
            "testUri": "../../../assets/images/icons/calendar-secundary.png",
          }
        }
        style={
          Object {
            "alignItems": "center",
            "height": 28,
            "marginTop": "4px",
            "width": 28,
          }
        }
      />
      <View
        style={
          Object {
            "height": 100,
            "marginLeft": 15,
            "width": 250,
          }
        }
      >
        <Text
          style={
            Object {
              "color": "#202452",
              "fontSize": 14,
              "fontWeight": "bold",
              "marginTop": 4,
            }
          }
        >
          Current plan date
        </Text>
        <Text
          style={
            Object {
              "color": "#202452",
              "fontSize": 10,
              "fontWeight": "500",
              "marginTop": 2,
            }
          }
        >
          03 January, 2022
        </Text>
      </View>
    </View>
    <Text
      style={
        Object {
          "color": "#202452",
          "fontSize": 17,
          "fontWeight": "bold",
          "paddingLeft": 110,
        }
      }
    >
      2. Visits
    </Text>
  </View>
  <View
    style={
      Object {
        "alignItems": "center",
        "backgroundColor": "#202452",
        "borderBottomLeftRadius": 26,
        "flex": 1,
        "flexDirection": "row",
        "height": "100%",
        "justifyContent": "center",
        "left": "80.4%",
        "position": "absolute",
        "width": "20%",
        "zIndex": 1,
      }
    }
  >
    <Text
      style={
        Object {
          "color": "#FFFFFF",
          "fontSize": 17,
          "fontWeight": "bold",
          "marginRight": 90,
        }
      }
    >
      3. Routes
    </Text>
  </View>
</View>
`;
