// Jest Snapshot v1, https://goo.gl/fbAQLP

exports[`Running Test for StatusBar Check StatusBar 1`] = `
<View
  style={
    Object {
      "backgroundColor": "#202452",
      "flex": 1,
      "flexDirection": "row",
      "height": 45,
      "justifyContent": "flex-end",
      "position": "relative",
      "width": "100%",
    }
  }
>
  <View
    style={
      Object {
        "backgroundColor": "#FAD614",
        "height": "50%",
        "width": 25,
      }
    }
  >
    <View
      style={
        Object {
          "backgroundColor": "#202452",
          "borderTopEndRadius": 40,
          "height": "100%",
          "width": 25,
        }
      }
    />
  </View>
  <View
    style={
      Object {
        "backgroundColor": "#FAD614",
        "borderBottomStartRadius": 31,
        "borderTopEndRadius": 31,
        "flex": 0.4,
        "flexDirection": "row",
      }
    }
  >
    <View
      style={
        Object {
          "alignSelf": "center",
          "flexDirection": "row",
          "marginLeft": "10%",
        }
      }
    >
      <Image
        source={
          Object {
            "testUri": "../../../assets/images/icons/calendar-secundary.png",
          }
        }
        style={
          Object {
            "alignSelf": "center",
            "height": 27,
            "width": 27,
          }
        }
      />
      <View
        style={
          Object {
            "marginLeft": "12%",
          }
        }
      >
        <Text
          style={
            Object {
              "color": "#202452",
              "fontSize": 14,
              "fontWeight": "600",
            }
          }
        >
          Current Plan date
        </Text>
        <Text
          style={
            Object {
              "color": "#202452",
              "fontSize": 11,
              "fontWeight": "500",
              "marginTop": "2%",
            }
          }
        >
          03 January, 2022
        </Text>
      </View>
    </View>
    <Text
      style={
        Object {
          "alignSelf": "center",
          "color": "#202452",
          "flex": 1,
          "fontSize": 17,
          "fontWeight": "600",
          "marginRight": "10%",
          "textAlign": "right",
        }
      }
    >
      1. Vehicles
    </Text>
  </View>
  <View
    style={
      Object {
        "alignSelf": "flex-end",
        "backgroundColor": "#FAD614",
        "height": "100%",
        "transform": Array [
          Object {
            "rotate": "180deg",
          },
        ],
        "width": 25,
      }
    }
  >
    <View
      style={
        Object {
          "backgroundColor": "#202452",
          "borderColor": "#202452",
          "borderTopEndRadius": 20,
          "height": "100%",
          "width": 25,
        }
      }
    />
  </View>
  <View
    style={
      Object {
        "backgroundColor": "#202452",
        "borderBottomStartRadius": 20,
        "borderTopEndRadius": 20,
        "flex": 0.15,
        "flexDirection": "row",
      }
    }
  >
    <Text
      style={
        Object {
          "alignSelf": "center",
          "color": "#FFFFFF",
          "flex": 1,
          "fontSize": 17,
          "fontWeight": "600",
          "justifyContent": "center",
          "textAlign": "center",
        }
      }
    >
      2. Visits
    </Text>
  </View>
  <View
    style={
      Object {
        "backgroundColor": "#202452",
        "borderBottomStartRadius": 20,
        "borderTopEndRadius": 20,
        "flex": 0.15,
        "flexDirection": "row",
      }
    }
  >
    <Text
      style={
        Object {
          "alignSelf": "center",
          "color": "#FFFFFF",
          "flex": 1,
          "fontSize": 17,
          "fontWeight": "600",
          "justifyContent": "center",
          "textAlign": "center",
        }
      }
    >
      3. Routes
    </Text>
  </View>
  <View
    style={
      Object {
        "backgroundColor": "#202452",
        "borderBottomStartRadius": 20,
        "borderTopEndRadius": 20,
        "flex": 0.15,
        "flexDirection": "row",
      }
    }
  >
    <Text
      style={
        Object {
          "alignSelf": "center",
          "color": "#FFFFFF",
          "flex": 1,
          "fontSize": 17,
          "fontWeight": "600",
          "justifyContent": "center",
          "textAlign": "center",
        }
      }
    >
      4. Capacity
    </Text>
  </View>
  <View
    style={
      Object {
        "backgroundColor": "#202452",
        "borderBottomStartRadius": 20,
        "borderTopEndRadius": 20,
        "flex": 0.15,
        "flexDirection": "row",
      }
    }
  >
    <Text
      style={
        Object {
          "alignSelf": "center",
          "color": "#FFFFFF",
          "flex": 1,
          "fontSize": 17,
          "fontWeight": "600",
          "justifyContent": "center",
          "textAlign": "center",
        }
      }
    >
      5. Settings
    </Text>
  </View>
</View>
`;
