// Jest Snapshot v1, https://goo.gl/fbAQLP

exports[`Running Test for StatusBar Check StatusBar Disabled 1`] = `
<View
  style={
    Object {
      "backgroundColor": "#202452",
      "display": "flex",
      "flex": 1,
      "flexDirection": "row",
      "height": 45,
      "justifyContent": "flex-end",
      "position": "relative",
      "width": "100%",
    }
  }
>
  <View
    style={
      Object {
        "backgroundColor": "#202452",
        "borderBottomLeftRadius": 20,
        "borderBottomStartRadius": 20,
        "borderTopRightRadius": 20,
        "display": "flex",
        "flex": 0.15,
        "flexDirection": "row",
      }
    }
  >
    <Text
      style={
        Object {
          "alignSelf": "center",
          "color": "#FFFFFF",
          "flex": 1,
          "fontSize": 16,
          "fontWeight": "600",
          "justifyContent": "center",
          "textAlign": "center",
        }
      }
    >
      1. Vehicles
    </Text>
  </View>
  <View
    style={
      Object {
        "backgroundColor": "#202452",
        "borderBottomLeftRadius": 20,
        "borderBottomStartRadius": 20,
        "borderTopRightRadius": 20,
        "display": "flex",
        "flex": 0.15,
        "flexDirection": "row",
      }
    }
  >
    <Text
      style={
        Object {
          "alignSelf": "center",
          "color": "#FFFFFF",
          "flex": 1,
          "fontSize": 16,
          "fontWeight": "600",
          "justifyContent": "center",
          "textAlign": "center",
        }
      }
    >
      2. Visits
    </Text>
  </View>
  <View
    style={
      Object {
        "backgroundColor": "#202452",
        "borderBottomLeftRadius": 20,
        "borderBottomStartRadius": 20,
        "borderTopRightRadius": 20,
        "display": "flex",
        "flex": 0.15,
        "flexDirection": "row",
      }
    }
  >
    <Text
      style={
        Object {
          "alignSelf": "center",
          "color": "#FFFFFF",
          "flex": 1,
          "fontSize": 16,
          "fontWeight": "600",
          "justifyContent": "center",
          "textAlign": "center",
        }
      }
    >
      3. Routes
    </Text>
  </View>
  <View
    style={
      Object {
        "backgroundColor": "#202452",
        "borderBottomLeftRadius": 20,
        "borderBottomStartRadius": 20,
        "borderTopRightRadius": 20,
        "display": "flex",
        "flex": 0.15,
        "flexDirection": "row",
      }
    }
  >
    <Text
      style={
        Object {
          "alignSelf": "center",
          "color": "#FFFFFF",
          "flex": 1,
          "fontSize": 16,
          "fontWeight": "600",
          "justifyContent": "center",
          "textAlign": "center",
        }
      }
    >
      4. Capacity
    </Text>
  </View>
  <View
    style={
      Object {
        "backgroundColor": "#202452",
        "borderBottomLeftRadius": 20,
        "borderBottomStartRadius": 20,
        "borderTopRightRadius": 20,
        "display": "flex",
        "flex": 0.15,
        "flexDirection": "row",
      }
    }
  >
    <Text
      style={
        Object {
          "alignSelf": "center",
          "color": "#FFFFFF",
          "flex": 1,
          "fontSize": 16,
          "fontWeight": "600",
          "justifyContent": "center",
          "textAlign": "center",
        }
      }
    >
      5. Settings
    </Text>
  </View>
</View>
`;
