// Jest Snapshot v1, https://goo.gl/fbAQLP

exports[`Running Test for StatusBarStep1Active Check StatusBarStep1Active 1`] = `
<View
  style={
    Object {
      "backgroundColor": "#FAD614",
      "flex": 1,
      "height": 45,
      "width": "100%",
    }
  }
>
  <View
    style={
      Object {
        "backgroundColor": "#FAD614",
        "flex": 1,
        "height": "50%",
        "width": "100%",
      }
    }
  />
  <View
    style={
      Object {
        "backgroundColor": "#202452",
        "flex": 1,
        "height": "50%",
        "width": "100%",
      }
    }
  />
  <View
    style={
      Object {
        "alignItems": "center",
        "backgroundColor": "#202452",
        "borderTopEndRadius": 26,
        "flex": 1,
        "flexDirection": "row",
        "height": "100%",
        "justifyContent": "flex-end",
        "position": "absolute",
        "width": "60%",
        "zIndex": 1,
      }
    }
  >
    <Text
      style={
        Object {
          "color": "#FFFFFF",
          "fontSize": 17,
          "fontWeight": "bold",
          "marginRight": 70,
        }
      }
    >
      1. Vehicles
    </Text>
    <Text
      style={
        Object {
          "color": "#FFFFFF",
          "fontSize": 17,
          "fontWeight": "bold",
          "marginRight": 70,
        }
      }
    >
      2. Visits
    </Text>
  </View>
  <View
    style={
      Object {
        "alignItems": "center",
        "backgroundColor": "#FAD614",
        "borderBottomLeftRadius": 26,
        "flex": 1,
        "flexDirection": "row",
        "height": "100%",
        "justifyContent": "center",
        "left": "60%",
        "position": "absolute",
        "width": "40%",
        "zIndex": 1,
      }
    }
  >
    <Image
      source={
        Object {
          "testUri": "../../../assets/images/icons/calendar-secundary.png",
        }
      }
      style={
        Object {
          "alignItems": "center",
          "height": 28,
          "marginLeft": "10px",
          "marginTop": "4px",
          "width": 28,
        }
      }
    />
    <View
      style={
        Object {
          "height": "80%",
          "width": 250,
        }
      }
    >
      <Text
        style={
          Object {
            "color": "#202452",
            "fontSize": 14,
            "fontWeight": "bold",
            "marginLeft": 15,
            "marginTop": 4,
          }
        }
      >
        Current plan date
      </Text>
      <Text
        style={
          Object {
            "color": "#202452",
            "fontSize": 10,
            "fontWeight": "500",
            "marginLeft": 15,
            "marginTop": 2,
          }
        }
      >
        03 January, 2022
      </Text>
    </View>
    <Text
      style={
        Object {
          "color": "#202452",
          "fontSize": 17,
          "fontWeight": "bold",
        }
      }
    >
      3. Routes
    </Text>
  </View>
</View>
`;
