// Jest Snapshot v1, https://goo.gl/fbAQLP

exports[`Running Test for Tab Check Tab Disabled 1`] = `
<View
  style={
    Object {
      "alignItems": "center",
      "flexDirection": "row",
      "height": 40,
    }
  }
>
  <View
    accessible={true}
    collapsable={false}
    focusable={true}
    onBlur={[Function]}
    onClick={[Function]}
    onFocus={[Function]}
    onResponderGrant={[Function]}
    onResponderMove={[Function]}
    onResponderRelease={[Function]}
    onResponderTerminate={[Function]}
    onResponderTerminationRequest={[Function]}
    onStartShouldSetResponder={[Function]}
    style={
      Array [
        Object {
          "alignItems": "center",
          "borderBottomColor": "#202452",
          "borderBottomWidth": 3,
          "borderTopWidth": 4,
          "flex": 1,
          "height": 40,
          "justifyContent": "center",
          "paddingHorizontal": 10,
        },
        Object {
          "backgroundColor": "#D3D6E1",
          "borderTopColor": "transparent",
        },
      ]
    }
  >
    <Text
      ellipsizeMode="tail"
      numberOfLines={1}
      style={
        Object {
          "color": "#202452",
        }
      }
    >
      Home
    </Text>
  </View>
  <View
    accessible={true}
    collapsable={false}
    focusable={true}
    onBlur={[Function]}
    onClick={[Function]}
    onFocus={[Function]}
    onResponderGrant={[Function]}
    onResponderMove={[Function]}
    onResponderRelease={[Function]}
    onResponderTerminate={[Function]}
    onResponderTerminationRequest={[Function]}
    onStartShouldSetResponder={[Function]}
    style={
      Array [
        Object {
          "alignItems": "center",
          "borderBottomColor": "#202452",
          "borderBottomWidth": 3,
          "borderTopWidth": 4,
          "flex": 1,
          "height": 40,
          "justifyContent": "center",
          "paddingHorizontal": 10,
        },
        Object {
          "backgroundColor": "#D3D6E1",
          "borderTopColor": "transparent",
        },
      ]
    }
  >
    <Text
      ellipsizeMode="tail"
      numberOfLines={1}
      style={
        Object {
          "color": "#202452",
        }
      }
    >
      About
    </Text>
  </View>
  <View
    accessible={true}
    collapsable={false}
    focusable={true}
    onBlur={[Function]}
    onClick={[Function]}
    onFocus={[Function]}
    onResponderGrant={[Function]}
    onResponderMove={[Function]}
    onResponderRelease={[Function]}
    onResponderTerminate={[Function]}
    onResponderTerminationRequest={[Function]}
    onStartShouldSetResponder={[Function]}
    style={
      Array [
        Object {
          "alignItems": "center",
          "borderBottomColor": "#202452",
          "borderBottomWidth": 3,
          "borderTopWidth": 4,
          "flex": 1,
          "height": 40,
          "justifyContent": "center",
          "paddingHorizontal": 10,
        },
        Object {
          "backgroundColor": "#D3D6E1",
          "borderTopColor": "transparent",
        },
      ]
    }
  >
    <Text
      ellipsizeMode="tail"
      numberOfLines={1}
      style={
        Object {
          "color": "#202452",
        }
      }
    >
      Staff
    </Text>
  </View>
  <View
    accessible={true}
    collapsable={false}
    focusable={true}
    onBlur={[Function]}
    onClick={[Function]}
    onFocus={[Function]}
    onResponderGrant={[Function]}
    onResponderMove={[Function]}
    onResponderRelease={[Function]}
    onResponderTerminate={[Function]}
    onResponderTerminationRequest={[Function]}
    onStartShouldSetResponder={[Function]}
    style={
      Array [
        Object {
          "alignItems": "center",
          "borderBottomColor": "#202452",
          "borderBottomWidth": 3,
          "borderTopWidth": 4,
          "flex": 1,
          "height": 40,
          "justifyContent": "center",
          "paddingHorizontal": 10,
        },
        Object {
          "backgroundColor": "#D3D6E1",
          "borderTopColor": "transparent",
        },
      ]
    }
  >
    <Text
      ellipsizeMode="tail"
      numberOfLines={1}
      style={
        Object {
          "color": "#202452",
        }
      }
    >
      Login
    </Text>
  </View>
  <View
    accessible={true}
    collapsable={false}
    focusable={true}
    onBlur={[Function]}
    onClick={[Function]}
    onFocus={[Function]}
    onResponderGrant={[Function]}
    onResponderMove={[Function]}
    onResponderRelease={[Function]}
    onResponderTerminate={[Function]}
    onResponderTerminationRequest={[Function]}
    onStartShouldSetResponder={[Function]}
    style={
      Array [
        Object {
          "alignItems": "center",
          "borderBottomColor": "#202452",
          "borderBottomWidth": 3,
          "borderTopWidth": 4,
          "flex": 1,
          "height": 40,
          "justifyContent": "center",
          "paddingHorizontal": 10,
        },
        Object {
          "backgroundColor": "#D3D6E1",
          "borderTopColor": "transparent",
        },
      ]
    }
  >
    <Text
      ellipsizeMode="tail"
      numberOfLines={1}
      style={
        Object {
          "color": "#202452",
        }
      }
    >
      Logout
    </Text>
  </View>
</View>
`;
