// Jest Snapshot v1, https://goo.gl/fbAQLP

exports[`Running Test for Tab Check Tab Disabled 1`] = `
<View
  style={
    Object {
      "alignItems": "center",
      "flexDirection": "row",
    }
  }
>
  <View
    accessible={true}
    collapsable={false}
    focusable={true}
    onClick={[Function]}
    onResponderGrant={[Function]}
    onResponderMove={[Function]}
    onResponderRelease={[Function]}
    onResponderTerminate={[Function]}
    onResponderTerminationRequest={[Function]}
    onStartShouldSetResponder={[Function]}
    style={
      Object {
        "alignItems": "center",
        "backgroundColor": "#D3D6E1",
        "borderBottomColor": "#202452",
        "borderBottomWidth": 3,
        "borderTopColor": "transparent",
        "borderTopWidth": 4,
        "flex": 0.2,
        "height": 40,
        "justifyContent": "center",
        "opacity": 1,
      }
    }
  >
    <Text
      style={
        Object {
          "color": "#202452",
          "fontFamily": undefined,
          "fontWeight": undefined,
        }
      }
    >
      Home
    </Text>
  </View>
  <View
    accessible={true}
    collapsable={false}
    focusable={true}
    onClick={[Function]}
    onResponderGrant={[Function]}
    onResponderMove={[Function]}
    onResponderRelease={[Function]}
    onResponderTerminate={[Function]}
    onResponderTerminationRequest={[Function]}
    onStartShouldSetResponder={[Function]}
    style={
      Object {
        "alignItems": "center",
        "backgroundColor": "#202452",
        "borderBottomColor": "#202452",
        "borderBottomWidth": 3,
        "borderTopColor": "#FAD614",
        "borderTopWidth": 4,
        "flex": 0.2,
        "height": 40,
        "justifyContent": "center",
        "opacity": 1,
      }
    }
  >
    <Text
      style={
        Object {
          "color": "#FFFFFF",
          "fontFamily": undefined,
          "fontWeight": undefined,
        }
      }
    >
      About
    </Text>
  </View>
  <View
    accessible={true}
    collapsable={false}
    focusable={true}
    onClick={[Function]}
    onResponderGrant={[Function]}
    onResponderMove={[Function]}
    onResponderRelease={[Function]}
    onResponderTerminate={[Function]}
    onResponderTerminationRequest={[Function]}
    onStartShouldSetResponder={[Function]}
    style={
      Object {
        "alignItems": "center",
        "backgroundColor": "#D3D6E1",
        "borderBottomColor": "#202452",
        "borderBottomWidth": 3,
        "borderTopColor": "transparent",
        "borderTopWidth": 4,
        "flex": 0.2,
        "height": 40,
        "justifyContent": "center",
        "opacity": 1,
      }
    }
  >
    <Text
      style={
        Object {
          "color": "#202452",
          "fontFamily": undefined,
          "fontWeight": undefined,
        }
      }
    >
      Staff
    </Text>
  </View>
  <View
    accessible={true}
    collapsable={false}
    focusable={true}
    onClick={[Function]}
    onResponderGrant={[Function]}
    onResponderMove={[Function]}
    onResponderRelease={[Function]}
    onResponderTerminate={[Function]}
    onResponderTerminationRequest={[Function]}
    onStartShouldSetResponder={[Function]}
    style={
      Object {
        "alignItems": "center",
        "backgroundColor": "#D3D6E1",
        "borderBottomColor": "#202452",
        "borderBottomWidth": 3,
        "borderTopColor": "transparent",
        "borderTopWidth": 4,
        "flex": 0.2,
        "height": 40,
        "justifyContent": "center",
        "opacity": 1,
      }
    }
  >
    <Text
      style={
        Object {
          "color": "#202452",
          "fontFamily": undefined,
          "fontWeight": undefined,
        }
      }
    >
      Login
    </Text>
  </View>
  <View
    accessible={true}
    collapsable={false}
    focusable={true}
    onClick={[Function]}
    onResponderGrant={[Function]}
    onResponderMove={[Function]}
    onResponderRelease={[Function]}
    onResponderTerminate={[Function]}
    onResponderTerminationRequest={[Function]}
    onStartShouldSetResponder={[Function]}
    style={
      Object {
        "alignItems": "center",
        "backgroundColor": "#D3D6E1",
        "borderBottomColor": "#202452",
        "borderBottomWidth": 3,
        "borderTopColor": "transparent",
        "borderTopWidth": 4,
        "flex": 0.2,
        "height": 40,
        "justifyContent": "center",
        "opacity": 1,
      }
    }
  >
    <Text
      style={
        Object {
          "color": "#202452",
          "fontFamily": undefined,
          "fontWeight": undefined,
        }
      }
    >
      Logout
    </Text>
  </View>
</View>
`;
