// Jest Snapshot v1, https://goo.gl/fbAQLP

exports[`Running Test for Tab Check Tab Disabled 1`] = `
<div
  className="css-view-175oi2r r-borderColor-1drizk4 r-borderRightWidth-fnigne r-borderWidth-rs99b7 r-width-13qz1uu"
  dir={null}
  style={
    {
      "borderTopLeftRadius": "0px",
      "borderTopRightRadius": "0px",
      "borderTopWidth": "0px",
    }
  }
>
  <div
    className="css-view-175oi2r r-backgroundColor-17uqja3 r-flexDirection-18u37iz"
    dir={null}
  >
    <div
      className="css-view-175oi2r r-alignItems-1awozwy r-borderColor-1drizk4 r-borderRightWidth-13l2t4g r-borderTopWidth-5kkj8d r-justifyContent-1777fci r-paddingBlock-ytbthy r-paddingInline-1ntr0p"
      dir={null}
      style={
        {
          "width": "20%",
        }
      }
    >
      <div
        className="css-text-146c3p1 r-WebkitBoxOrient-8akbws r-display-krxsd3 r-maxWidth-dnmrzs r-overflow-1udh08x r-textOverflow-1udbk01 r-color-9ct9lt r-fontSize-1b43r93 r-fontWeight-1kfrs79 r-paddingBlock-ytbthy r-textAlign-q4m81j"
        dir="auto"
        style={
          {
            "WebkitLineClamp": 2,
          }
        }
      >
        Name
      </div>
    </div>
    <div
      className="css-view-175oi2r r-alignItems-1awozwy r-borderColor-1drizk4 r-borderRightWidth-13l2t4g r-borderTopWidth-5kkj8d r-justifyContent-1777fci r-paddingBlock-ytbthy r-paddingInline-1ntr0p"
      dir={null}
      style={
        {
          "width": "20%",
        }
      }
    >
      <div
        className="css-text-146c3p1 r-WebkitBoxOrient-8akbws r-display-krxsd3 r-maxWidth-dnmrzs r-overflow-1udh08x r-textOverflow-1udbk01 r-color-9ct9lt r-fontSize-1b43r93 r-fontWeight-1kfrs79 r-paddingBlock-ytbthy r-textAlign-q4m81j"
        dir="auto"
        style={
          {
            "WebkitLineClamp": 2,
          }
        }
      >
        Email
      </div>
    </div>
    <div
      className="css-view-175oi2r r-alignItems-1awozwy r-borderColor-1drizk4 r-borderRightWidth-13l2t4g r-borderTopWidth-5kkj8d r-justifyContent-1777fci r-paddingBlock-ytbthy r-paddingInline-1ntr0p"
      dir={null}
      style={
        {
          "width": "20%",
        }
      }
    >
      <div
        className="css-text-146c3p1 r-WebkitBoxOrient-8akbws r-display-krxsd3 r-maxWidth-dnmrzs r-overflow-1udh08x r-textOverflow-1udbk01 r-color-9ct9lt r-fontSize-1b43r93 r-fontWeight-1kfrs79 r-paddingBlock-ytbthy r-textAlign-q4m81j"
        dir="auto"
        style={
          {
            "WebkitLineClamp": 2,
          }
        }
      >
        Address
      </div>
    </div>
    <div
      className="css-view-175oi2r r-alignItems-1awozwy r-borderColor-1drizk4 r-borderRightWidth-13l2t4g r-borderTopWidth-5kkj8d r-justifyContent-1777fci r-paddingBlock-ytbthy r-paddingInline-1ntr0p"
      dir={null}
      style={
        {
          "width": "40%",
        }
      }
    >
      <div
        className="css-text-146c3p1 r-WebkitBoxOrient-8akbws r-display-krxsd3 r-maxWidth-dnmrzs r-overflow-1udh08x r-textOverflow-1udbk01 r-color-9ct9lt r-fontSize-1b43r93 r-fontWeight-1kfrs79 r-paddingBlock-ytbthy r-textAlign-q4m81j"
        dir="auto"
        style={
          {
            "WebkitLineClamp": 2,
          }
        }
      >
        Description
      </div>
    </div>
  </div>
  <div
    className="css-view-175oi2r r-WebkitOverflowScrolling-150rngu r-flexDirection-eqz5dr r-flexGrow-16y2uox r-flexShrink-1wbh5a2 r-overflowX-11yh6sk r-overflowY-1rnoaur r-transform-agouwx r-scrollbarWidth-2eszeu"
    dir={null}
    onScroll={[Function]}
    onTouchEnd={[Function]}
    onTouchMove={[Function]}
    onTouchStart={[Function]}
    onWheel={[Function]}
  >
    <div
      className="css-view-175oi2r"
      dir={null}
    >
      <div
        className="css-view-175oi2r"
        dir={null}
      >
        <div
          className="css-view-175oi2r r-cursor-1loqt21 r-touchAction-1otgn73 r-flexDirection-18u37iz"
          dir={null}
          onBlur={[Function]}
          onClick={[Function]}
          onContextMenu={[Function]}
          onFocus={[Function]}
          onKeyDown={[Function]}
          style={
            {
              "backgroundColor": "rgba(255,255,255,1.00)",
            }
          }
          tabIndex={0}
        >
          <div
            className="css-view-175oi2r r-borderColor-1drizk4 r-borderRightWidth-13l2t4g r-borderTopWidth-5kkj8d r-justifyContent-1777fci r-paddingInline-1ntr0p"
            dir={null}
            style={
              {
                "width": "20%",
              }
            }
          >
            <div
              className="css-text-146c3p1 r-color-9ct9lt r-fontSize-1b43r93 r-paddingBlock-mocjzx r-textAlign-q4m81j r-verticalAlign-9iso6"
              dir="auto"
            >
              Reese Hodge
            </div>
          </div>
          <div
            className="css-view-175oi2r r-borderColor-1drizk4 r-borderRightWidth-13l2t4g r-borderTopWidth-5kkj8d r-justifyContent-1777fci r-paddingInline-1ntr0p"
            dir={null}
            style={
              {
                "width": "20%",
              }
            }
          >
            <div
              className="css-text-146c3p1 r-color-9ct9lt r-fontSize-1b43r93 r-paddingBlock-mocjzx r-textAlign-q4m81j r-verticalAlign-9iso6"
              dir="auto"
            >
              reesehodge@enerforce.com
            </div>
          </div>
          <div
            className="css-view-175oi2r r-borderColor-1drizk4 r-borderRightWidth-13l2t4g r-borderTopWidth-5kkj8d r-justifyContent-1777fci r-paddingInline-1ntr0p"
            dir={null}
            style={
              {
                "width": "20%",
              }
            }
          >
            <div
              className="css-text-146c3p1 r-color-9ct9lt r-fontSize-1b43r93 r-paddingBlock-mocjzx r-textAlign-q4m81j r-verticalAlign-9iso6"
              dir="auto"
            >
              435 Pierrepont Place, Clarktown, Alaska, 7752
            </div>
          </div>
          <div
            className="css-view-175oi2r r-borderColor-1drizk4 r-borderRightWidth-13l2t4g r-borderTopWidth-5kkj8d r-justifyContent-1777fci r-paddingInline-1ntr0p"
            dir={null}
            style={
              {
                "width": "40%",
              }
            }
          >
            <div
              className="css-text-146c3p1 r-color-9ct9lt r-fontSize-1b43r93 r-paddingBlock-mocjzx r-textAlign-q4m81j r-verticalAlign-9iso6"
              dir="auto"
            >
              Ex do aliqua anim magna eu. Veniam sunt eiusmod velit magna pariatur mollit magna incididunt ea magna. Tempor ea anim commodo irure magna eu consectetur non aliqua sunt veniam dolore.

            </div>
          </div>
        </div>
      </div>
      <div
        className="css-view-175oi2r"
        dir={null}
      >
        <div
          className="css-view-175oi2r r-cursor-1loqt21 r-touchAction-1otgn73 r-flexDirection-18u37iz"
          dir={null}
          onBlur={[Function]}
          onClick={[Function]}
          onContextMenu={[Function]}
          onFocus={[Function]}
          onKeyDown={[Function]}
          style={
            {
              "backgroundColor": "rgba(239,241,247,1.00)",
            }
          }
          tabIndex={0}
        >
          <div
            className="css-view-175oi2r r-borderColor-1drizk4 r-borderRightWidth-13l2t4g r-borderTopWidth-5kkj8d r-justifyContent-1777fci r-paddingInline-1ntr0p"
            dir={null}
            style={
              {
                "width": "20%",
              }
            }
          >
            <div
              className="css-text-146c3p1 r-color-9ct9lt r-fontSize-1b43r93 r-paddingBlock-mocjzx r-textAlign-q4m81j r-verticalAlign-9iso6"
              dir="auto"
            >
              Tanya Strickland
            </div>
          </div>
          <div
            className="css-view-175oi2r r-borderColor-1drizk4 r-borderRightWidth-13l2t4g r-borderTopWidth-5kkj8d r-justifyContent-1777fci r-paddingInline-1ntr0p"
            dir={null}
            style={
              {
                "width": "20%",
              }
            }
          >
            <div
              className="css-text-146c3p1 r-color-9ct9lt r-fontSize-1b43r93 r-paddingBlock-mocjzx r-textAlign-q4m81j r-verticalAlign-9iso6"
              dir="auto"
            >
              tanyastrickland@enerforce.com
            </div>
          </div>
          <div
            className="css-view-175oi2r r-borderColor-1drizk4 r-borderRightWidth-13l2t4g r-borderTopWidth-5kkj8d r-justifyContent-1777fci r-paddingInline-1ntr0p"
            dir={null}
            style={
              {
                "width": "20%",
              }
            }
          >
            <div
              className="css-text-146c3p1 r-color-9ct9lt r-fontSize-1b43r93 r-paddingBlock-mocjzx r-textAlign-q4m81j r-verticalAlign-9iso6"
              dir="auto"
            >
              212 Visitation Place, Zarephath, Federated States Of Micronesia, 1532
            </div>
          </div>
          <div
            className="css-view-175oi2r r-borderColor-1drizk4 r-borderRightWidth-13l2t4g r-borderTopWidth-5kkj8d r-justifyContent-1777fci r-paddingInline-1ntr0p"
            dir={null}
            style={
              {
                "width": "40%",
              }
            }
          >
            <div
              className="css-text-146c3p1 r-color-9ct9lt r-fontSize-1b43r93 r-paddingBlock-mocjzx r-textAlign-q4m81j r-verticalAlign-9iso6"
              dir="auto"
            >
              Mollit minim eu ullamco nulla voluptate fugiat quis aliqua Lorem nisi. Veniam nostrud enim laboris officia Lorem. Aliquip anim minim pariatur mollit irure excepteur ea. Ipsum qui cupidatat et quis aliqua sit minim amet nisi commodo aliqua deserunt. Incididunt excepteur sint quis cillum culpa eu enim est cupidatat cupidatat nisi pariatur.

            </div>
          </div>
        </div>
      </div>
      <div
        className="css-view-175oi2r"
        dir={null}
      >
        <div
          className="css-view-175oi2r r-cursor-1loqt21 r-touchAction-1otgn73 r-flexDirection-18u37iz"
          dir={null}
          onBlur={[Function]}
          onClick={[Function]}
          onContextMenu={[Function]}
          onFocus={[Function]}
          onKeyDown={[Function]}
          style={
            {
              "backgroundColor": "rgba(255,255,255,1.00)",
            }
          }
          tabIndex={0}
        >
          <div
            className="css-view-175oi2r r-borderColor-1drizk4 r-borderRightWidth-13l2t4g r-borderTopWidth-5kkj8d r-justifyContent-1777fci r-paddingInline-1ntr0p"
            dir={null}
            style={
              {
                "width": "20%",
              }
            }
          >
            <div
              className="css-text-146c3p1 r-color-9ct9lt r-fontSize-1b43r93 r-paddingBlock-mocjzx r-textAlign-q4m81j r-verticalAlign-9iso6"
              dir="auto"
            >
              Christie Marshall
            </div>
          </div>
          <div
            className="css-view-175oi2r r-borderColor-1drizk4 r-borderRightWidth-13l2t4g r-borderTopWidth-5kkj8d r-justifyContent-1777fci r-paddingInline-1ntr0p"
            dir={null}
            style={
              {
                "width": "20%",
              }
            }
          >
            <div
              className="css-text-146c3p1 r-color-9ct9lt r-fontSize-1b43r93 r-paddingBlock-mocjzx r-textAlign-q4m81j r-verticalAlign-9iso6"
              dir="auto"
            >
              christiemarshall@enerforce.com
            </div>
          </div>
          <div
            className="css-view-175oi2r r-borderColor-1drizk4 r-borderRightWidth-13l2t4g r-borderTopWidth-5kkj8d r-justifyContent-1777fci r-paddingInline-1ntr0p"
            dir={null}
            style={
              {
                "width": "20%",
              }
            }
          >
            <div
              className="css-text-146c3p1 r-color-9ct9lt r-fontSize-1b43r93 r-paddingBlock-mocjzx r-textAlign-q4m81j r-verticalAlign-9iso6"
              dir="auto"
            >
              153 Clara Street, Troy, Washington, 5154
            </div>
          </div>
          <div
            className="css-view-175oi2r r-borderColor-1drizk4 r-borderRightWidth-13l2t4g r-borderTopWidth-5kkj8d r-justifyContent-1777fci r-paddingInline-1ntr0p"
            dir={null}
            style={
              {
                "width": "40%",
              }
            }
          >
            <div
              className="css-text-146c3p1 r-color-9ct9lt r-fontSize-1b43r93 r-paddingBlock-mocjzx r-textAlign-q4m81j r-verticalAlign-9iso6"
              dir="auto"
            >
              Labore nulla irure ea aliqua et officia id pariatur eiusmod exercitation. Minim ad ad est cupidatat aute Lorem. Irure in esse voluptate aliqua do tempor ipsum aliquip Lorem. Qui consequat cillum dolor mollit ipsum proident est amet magna adipisicing.

            </div>
          </div>
        </div>
      </div>
      <div
        className="css-view-175oi2r"
        dir={null}
      >
        <div
          className="css-view-175oi2r r-cursor-1loqt21 r-touchAction-1otgn73 r-flexDirection-18u37iz"
          dir={null}
          onBlur={[Function]}
          onClick={[Function]}
          onContextMenu={[Function]}
          onFocus={[Function]}
          onKeyDown={[Function]}
          style={
            {
              "backgroundColor": "rgba(239,241,247,1.00)",
            }
          }
          tabIndex={0}
        >
          <div
            className="css-view-175oi2r r-borderColor-1drizk4 r-borderRightWidth-13l2t4g r-borderTopWidth-5kkj8d r-justifyContent-1777fci r-paddingInline-1ntr0p"
            dir={null}
            style={
              {
                "width": "20%",
              }
            }
          >
            <div
              className="css-text-146c3p1 r-color-9ct9lt r-fontSize-1b43r93 r-paddingBlock-mocjzx r-textAlign-q4m81j r-verticalAlign-9iso6"
              dir="auto"
            >
              Sampson Pearson
            </div>
          </div>
          <div
            className="css-view-175oi2r r-borderColor-1drizk4 r-borderRightWidth-13l2t4g r-borderTopWidth-5kkj8d r-justifyContent-1777fci r-paddingInline-1ntr0p"
            dir={null}
            style={
              {
                "width": "20%",
              }
            }
          >
            <div
              className="css-text-146c3p1 r-color-9ct9lt r-fontSize-1b43r93 r-paddingBlock-mocjzx r-textAlign-q4m81j r-verticalAlign-9iso6"
              dir="auto"
            >
              sampsonpearson@enerforce.com
            </div>
          </div>
          <div
            className="css-view-175oi2r r-borderColor-1drizk4 r-borderRightWidth-13l2t4g r-borderTopWidth-5kkj8d r-justifyContent-1777fci r-paddingInline-1ntr0p"
            dir={null}
            style={
              {
                "width": "20%",
              }
            }
          >
            <div
              className="css-text-146c3p1 r-color-9ct9lt r-fontSize-1b43r93 r-paddingBlock-mocjzx r-textAlign-q4m81j r-verticalAlign-9iso6"
              dir="auto"
            >
              695 Cypress Court, Kempton, North Dakota, 4379
            </div>
          </div>
          <div
            className="css-view-175oi2r r-borderColor-1drizk4 r-borderRightWidth-13l2t4g r-borderTopWidth-5kkj8d r-justifyContent-1777fci r-paddingInline-1ntr0p"
            dir={null}
            style={
              {
                "width": "40%",
              }
            }
          >
            <div
              className="css-text-146c3p1 r-color-9ct9lt r-fontSize-1b43r93 r-paddingBlock-mocjzx r-textAlign-q4m81j r-verticalAlign-9iso6"
              dir="auto"
            >
              Fugiat sit laboris sunt veniam id esse exercitation in pariatur ipsum qui irure. Cupidatat dolor ut officia cillum pariatur amet fugiat ullamco. Sit ex tempor sit consequat sint eiusmod laborum ullamco ullamco eiusmod sint voluptate mollit veniam. Veniam nulla ex ad occaecat. Amet in labore adipisicing nostrud nulla ad consectetur. Pariatur commodo do et sunt est.

            </div>
          </div>
        </div>
      </div>
      <div
        className="css-view-175oi2r"
        dir={null}
      >
        <div
          className="css-view-175oi2r r-cursor-1loqt21 r-touchAction-1otgn73 r-flexDirection-18u37iz"
          dir={null}
          onBlur={[Function]}
          onClick={[Function]}
          onContextMenu={[Function]}
          onFocus={[Function]}
          onKeyDown={[Function]}
          style={
            {
              "backgroundColor": "rgba(255,255,255,1.00)",
            }
          }
          tabIndex={0}
        >
          <div
            className="css-view-175oi2r r-borderColor-1drizk4 r-borderRightWidth-13l2t4g r-borderTopWidth-5kkj8d r-justifyContent-1777fci r-paddingInline-1ntr0p"
            dir={null}
            style={
              {
                "width": "20%",
              }
            }
          >
            <div
              className="css-text-146c3p1 r-color-9ct9lt r-fontSize-1b43r93 r-paddingBlock-mocjzx r-textAlign-q4m81j r-verticalAlign-9iso6"
              dir="auto"
            >
              Norman Morin
            </div>
          </div>
          <div
            className="css-view-175oi2r r-borderColor-1drizk4 r-borderRightWidth-13l2t4g r-borderTopWidth-5kkj8d r-justifyContent-1777fci r-paddingInline-1ntr0p"
            dir={null}
            style={
              {
                "width": "20%",
              }
            }
          >
            <div
              className="css-text-146c3p1 r-color-9ct9lt r-fontSize-1b43r93 r-paddingBlock-mocjzx r-textAlign-q4m81j r-verticalAlign-9iso6"
              dir="auto"
            >
              normanmorin@enerforce.com
            </div>
          </div>
          <div
            className="css-view-175oi2r r-borderColor-1drizk4 r-borderRightWidth-13l2t4g r-borderTopWidth-5kkj8d r-justifyContent-1777fci r-paddingInline-1ntr0p"
            dir={null}
            style={
              {
                "width": "20%",
              }
            }
          >
            <div
              className="css-text-146c3p1 r-color-9ct9lt r-fontSize-1b43r93 r-paddingBlock-mocjzx r-textAlign-q4m81j r-verticalAlign-9iso6"
              dir="auto"
            >
              652 Empire Boulevard, Riner, Vermont, 6357
            </div>
          </div>
          <div
            className="css-view-175oi2r r-borderColor-1drizk4 r-borderRightWidth-13l2t4g r-borderTopWidth-5kkj8d r-justifyContent-1777fci r-paddingInline-1ntr0p"
            dir={null}
            style={
              {
                "width": "40%",
              }
            }
          >
            <div
              className="css-text-146c3p1 r-color-9ct9lt r-fontSize-1b43r93 r-paddingBlock-mocjzx r-textAlign-q4m81j r-verticalAlign-9iso6"
              dir="auto"
            >
              Exercitation quis proident pariatur exercitation tempor ea et ex aliqua pariatur elit. Nisi exercitation tempor adipisicing commodo minim tempor nisi enim ad labore eu dolore irure. Nulla esse deserunt non esse quis sunt et minim. Nostrud aliqua do magna officia Lorem quis sint dolore tempor. Elit ut sint dolor sint veniam aliquip id laboris aliqua nostrud excepteur et do labore. Et amet tempor aliquip adipisicing enim aliqua elit dolore id ea duis Lorem exercitation excepteur.

            </div>
          </div>
        </div>
      </div>
      <div
        className="css-view-175oi2r"
        dir={null}
      >
        <div
          className="css-view-175oi2r r-cursor-1loqt21 r-touchAction-1otgn73 r-flexDirection-18u37iz"
          dir={null}
          onBlur={[Function]}
          onClick={[Function]}
          onContextMenu={[Function]}
          onFocus={[Function]}
          onKeyDown={[Function]}
          style={
            {
              "backgroundColor": "rgba(239,241,247,1.00)",
            }
          }
          tabIndex={0}
        >
          <div
            className="css-view-175oi2r r-borderColor-1drizk4 r-borderRightWidth-13l2t4g r-borderTopWidth-5kkj8d r-justifyContent-1777fci r-paddingInline-1ntr0p"
            dir={null}
            style={
              {
                "width": "20%",
              }
            }
          >
            <div
              className="css-text-146c3p1 r-color-9ct9lt r-fontSize-1b43r93 r-paddingBlock-mocjzx r-textAlign-q4m81j r-verticalAlign-9iso6"
              dir="auto"
            >
              Fields Livingston
            </div>
          </div>
          <div
            className="css-view-175oi2r r-borderColor-1drizk4 r-borderRightWidth-13l2t4g r-borderTopWidth-5kkj8d r-justifyContent-1777fci r-paddingInline-1ntr0p"
            dir={null}
            style={
              {
                "width": "20%",
              }
            }
          >
            <div
              className="css-text-146c3p1 r-color-9ct9lt r-fontSize-1b43r93 r-paddingBlock-mocjzx r-textAlign-q4m81j r-verticalAlign-9iso6"
              dir="auto"
            >
              fieldslivingston@enerforce.com
            </div>
          </div>
          <div
            className="css-view-175oi2r r-borderColor-1drizk4 r-borderRightWidth-13l2t4g r-borderTopWidth-5kkj8d r-justifyContent-1777fci r-paddingInline-1ntr0p"
            dir={null}
            style={
              {
                "width": "20%",
              }
            }
          >
            <div
              className="css-text-146c3p1 r-color-9ct9lt r-fontSize-1b43r93 r-paddingBlock-mocjzx r-textAlign-q4m81j r-verticalAlign-9iso6"
              dir="auto"
            >
              529 Remsen Street, Hampstead, Nebraska, 5540
            </div>
          </div>
          <div
            className="css-view-175oi2r r-borderColor-1drizk4 r-borderRightWidth-13l2t4g r-borderTopWidth-5kkj8d r-justifyContent-1777fci r-paddingInline-1ntr0p"
            dir={null}
            style={
              {
                "width": "40%",
              }
            }
          >
            <div
              className="css-text-146c3p1 r-color-9ct9lt r-fontSize-1b43r93 r-paddingBlock-mocjzx r-textAlign-q4m81j r-verticalAlign-9iso6"
              dir="auto"
            >
              Eiusmod dolore aliqua id occaecat aute officia quis deserunt. Duis sit consectetur do excepteur cillum eu labore aliquip ullamco pariatur officia excepteur. Dolore aliqua excepteur dolor eu qui. Mollit amet nisi veniam officia Lorem aliqua fugiat.

            </div>
          </div>
        </div>
      </div>
      <div
        className="css-view-175oi2r"
        dir={null}
      >
        <div
          className="css-view-175oi2r r-cursor-1loqt21 r-touchAction-1otgn73 r-flexDirection-18u37iz"
          dir={null}
          onBlur={[Function]}
          onClick={[Function]}
          onContextMenu={[Function]}
          onFocus={[Function]}
          onKeyDown={[Function]}
          style={
            {
              "backgroundColor": "rgba(255,255,255,1.00)",
            }
          }
          tabIndex={0}
        >
          <div
            className="css-view-175oi2r r-borderColor-1drizk4 r-borderRightWidth-13l2t4g r-borderTopWidth-5kkj8d r-justifyContent-1777fci r-paddingInline-1ntr0p"
            dir={null}
            style={
              {
                "width": "20%",
              }
            }
          >
            <div
              className="css-text-146c3p1 r-color-9ct9lt r-fontSize-1b43r93 r-paddingBlock-mocjzx r-textAlign-q4m81j r-verticalAlign-9iso6"
              dir="auto"
            >
              Alicia Moore
            </div>
          </div>
          <div
            className="css-view-175oi2r r-borderColor-1drizk4 r-borderRightWidth-13l2t4g r-borderTopWidth-5kkj8d r-justifyContent-1777fci r-paddingInline-1ntr0p"
            dir={null}
            style={
              {
                "width": "20%",
              }
            }
          >
            <div
              className="css-text-146c3p1 r-color-9ct9lt r-fontSize-1b43r93 r-paddingBlock-mocjzx r-textAlign-q4m81j r-verticalAlign-9iso6"
              dir="auto"
            >
              aliciamoore@enerforce.com
            </div>
          </div>
          <div
            className="css-view-175oi2r r-borderColor-1drizk4 r-borderRightWidth-13l2t4g r-borderTopWidth-5kkj8d r-justifyContent-1777fci r-paddingInline-1ntr0p"
            dir={null}
            style={
              {
                "width": "20%",
              }
            }
          >
            <div
              className="css-text-146c3p1 r-color-9ct9lt r-fontSize-1b43r93 r-paddingBlock-mocjzx r-textAlign-q4m81j r-verticalAlign-9iso6"
              dir="auto"
            >
              159 Moore Street, Sylvanite, Connecticut, 6301
            </div>
          </div>
          <div
            className="css-view-175oi2r r-borderColor-1drizk4 r-borderRightWidth-13l2t4g r-borderTopWidth-5kkj8d r-justifyContent-1777fci r-paddingInline-1ntr0p"
            dir={null}
            style={
              {
                "width": "40%",
              }
            }
          >
            <div
              className="css-text-146c3p1 r-color-9ct9lt r-fontSize-1b43r93 r-paddingBlock-mocjzx r-textAlign-q4m81j r-verticalAlign-9iso6"
              dir="auto"
            >
              Laboris nostrud exercitation sint culpa enim minim do. Laborum nostrud ea nostrud occaecat ullamco. Aliqua esse est deserunt quis qui dolor cillum dolor laboris. Eiusmod irure esse velit pariatur do qui ut enim sint eiusmod.

            </div>
          </div>
        </div>
      </div>
      <div
        className="css-view-175oi2r"
        dir={null}
      >
        <div
          className="css-view-175oi2r r-cursor-1loqt21 r-touchAction-1otgn73 r-flexDirection-18u37iz"
          dir={null}
          onBlur={[Function]}
          onClick={[Function]}
          onContextMenu={[Function]}
          onFocus={[Function]}
          onKeyDown={[Function]}
          style={
            {
              "backgroundColor": "rgba(239,241,247,1.00)",
            }
          }
          tabIndex={0}
        >
          <div
            className="css-view-175oi2r r-borderColor-1drizk4 r-borderRightWidth-13l2t4g r-borderTopWidth-5kkj8d r-justifyContent-1777fci r-paddingInline-1ntr0p"
            dir={null}
            style={
              {
                "width": "20%",
              }
            }
          >
            <div
              className="css-text-146c3p1 r-color-9ct9lt r-fontSize-1b43r93 r-paddingBlock-mocjzx r-textAlign-q4m81j r-verticalAlign-9iso6"
              dir="auto"
            >
              Atkins Callahan
            </div>
          </div>
          <div
            className="css-view-175oi2r r-borderColor-1drizk4 r-borderRightWidth-13l2t4g r-borderTopWidth-5kkj8d r-justifyContent-1777fci r-paddingInline-1ntr0p"
            dir={null}
            style={
              {
                "width": "20%",
              }
            }
          >
            <div
              className="css-text-146c3p1 r-color-9ct9lt r-fontSize-1b43r93 r-paddingBlock-mocjzx r-textAlign-q4m81j r-verticalAlign-9iso6"
              dir="auto"
            >
              atkinscallahan@enerforce.com
            </div>
          </div>
          <div
            className="css-view-175oi2r r-borderColor-1drizk4 r-borderRightWidth-13l2t4g r-borderTopWidth-5kkj8d r-justifyContent-1777fci r-paddingInline-1ntr0p"
            dir={null}
            style={
              {
                "width": "20%",
              }
            }
          >
            <div
              className="css-text-146c3p1 r-color-9ct9lt r-fontSize-1b43r93 r-paddingBlock-mocjzx r-textAlign-q4m81j r-verticalAlign-9iso6"
              dir="auto"
            >
              524 Losee Terrace, Leland, California, 645
            </div>
          </div>
          <div
            className="css-view-175oi2r r-borderColor-1drizk4 r-borderRightWidth-13l2t4g r-borderTopWidth-5kkj8d r-justifyContent-1777fci r-paddingInline-1ntr0p"
            dir={null}
            style={
              {
                "width": "40%",
              }
            }
          >
            <div
              className="css-text-146c3p1 r-color-9ct9lt r-fontSize-1b43r93 r-paddingBlock-mocjzx r-textAlign-q4m81j r-verticalAlign-9iso6"
              dir="auto"
            >
              Deserunt eiusmod irure sunt consequat elit sit nostrud occaecat adipisicing quis amet non consectetur ipsum. Ut eiusmod minim irure anim esse reprehenderit laboris sit. Exercitation excepteur commodo esse deserunt duis cillum reprehenderit. Ex sit sint mollit magna nisi et in.

            </div>
          </div>
        </div>
      </div>
      <div
        className="css-view-175oi2r"
        dir={null}
      >
        <div
          className="css-view-175oi2r r-cursor-1loqt21 r-touchAction-1otgn73 r-flexDirection-18u37iz"
          dir={null}
          onBlur={[Function]}
          onClick={[Function]}
          onContextMenu={[Function]}
          onFocus={[Function]}
          onKeyDown={[Function]}
          style={
            {
              "backgroundColor": "rgba(255,255,255,1.00)",
            }
          }
          tabIndex={0}
        >
          <div
            className="css-view-175oi2r r-borderColor-1drizk4 r-borderRightWidth-13l2t4g r-borderTopWidth-5kkj8d r-justifyContent-1777fci r-paddingInline-1ntr0p"
            dir={null}
            style={
              {
                "width": "20%",
              }
            }
          >
            <div
              className="css-text-146c3p1 r-color-9ct9lt r-fontSize-1b43r93 r-paddingBlock-mocjzx r-textAlign-q4m81j r-verticalAlign-9iso6"
              dir="auto"
            >
              Aguirre Schneider
            </div>
          </div>
          <div
            className="css-view-175oi2r r-borderColor-1drizk4 r-borderRightWidth-13l2t4g r-borderTopWidth-5kkj8d r-justifyContent-1777fci r-paddingInline-1ntr0p"
            dir={null}
            style={
              {
                "width": "20%",
              }
            }
          >
            <div
              className="css-text-146c3p1 r-color-9ct9lt r-fontSize-1b43r93 r-paddingBlock-mocjzx r-textAlign-q4m81j r-verticalAlign-9iso6"
              dir="auto"
            >
              aguirreschneider@enerforce.com
            </div>
          </div>
          <div
            className="css-view-175oi2r r-borderColor-1drizk4 r-borderRightWidth-13l2t4g r-borderTopWidth-5kkj8d r-justifyContent-1777fci r-paddingInline-1ntr0p"
            dir={null}
            style={
              {
                "width": "20%",
              }
            }
          >
            <div
              className="css-text-146c3p1 r-color-9ct9lt r-fontSize-1b43r93 r-paddingBlock-mocjzx r-textAlign-q4m81j r-verticalAlign-9iso6"
              dir="auto"
            >
              861 Bennet Court, Kersey, South Carolina, 6279
            </div>
          </div>
          <div
            className="css-view-175oi2r r-borderColor-1drizk4 r-borderRightWidth-13l2t4g r-borderTopWidth-5kkj8d r-justifyContent-1777fci r-paddingInline-1ntr0p"
            dir={null}
            style={
              {
                "width": "40%",
              }
            }
          >
            <div
              className="css-text-146c3p1 r-color-9ct9lt r-fontSize-1b43r93 r-paddingBlock-mocjzx r-textAlign-q4m81j r-verticalAlign-9iso6"
              dir="auto"
            >
              Irure anim reprehenderit est ipsum deserunt tempor fugiat amet voluptate deserunt ad irure eiusmod voluptate. Culpa nisi consequat mollit cupidatat. Do officia consectetur enim in Lorem occaecat quis esse id. Nulla ea quis ex cillum sit anim aliquip mollit duis ea Lorem.

            </div>
          </div>
        </div>
      </div>
      <div
        className="css-view-175oi2r"
        dir={null}
      >
        <div
          className="css-view-175oi2r r-cursor-1loqt21 r-touchAction-1otgn73 r-flexDirection-18u37iz"
          dir={null}
          onBlur={[Function]}
          onClick={[Function]}
          onContextMenu={[Function]}
          onFocus={[Function]}
          onKeyDown={[Function]}
          style={
            {
              "backgroundColor": "rgba(239,241,247,1.00)",
            }
          }
          tabIndex={0}
        >
          <div
            className="css-view-175oi2r r-borderColor-1drizk4 r-borderRightWidth-13l2t4g r-borderTopWidth-5kkj8d r-justifyContent-1777fci r-paddingInline-1ntr0p"
            dir={null}
            style={
              {
                "width": "20%",
              }
            }
          >
            <div
              className="css-text-146c3p1 r-color-9ct9lt r-fontSize-1b43r93 r-paddingBlock-mocjzx r-textAlign-q4m81j r-verticalAlign-9iso6"
              dir="auto"
            >
              Gladys Daugherty
            </div>
          </div>
          <div
            className="css-view-175oi2r r-borderColor-1drizk4 r-borderRightWidth-13l2t4g r-borderTopWidth-5kkj8d r-justifyContent-1777fci r-paddingInline-1ntr0p"
            dir={null}
            style={
              {
                "width": "20%",
              }
            }
          >
            <div
              className="css-text-146c3p1 r-color-9ct9lt r-fontSize-1b43r93 r-paddingBlock-mocjzx r-textAlign-q4m81j r-verticalAlign-9iso6"
              dir="auto"
            >
              gladysdaugherty@enerforce.com
            </div>
          </div>
          <div
            className="css-view-175oi2r r-borderColor-1drizk4 r-borderRightWidth-13l2t4g r-borderTopWidth-5kkj8d r-justifyContent-1777fci r-paddingInline-1ntr0p"
            dir={null}
            style={
              {
                "width": "20%",
              }
            }
          >
            <div
              className="css-text-146c3p1 r-color-9ct9lt r-fontSize-1b43r93 r-paddingBlock-mocjzx r-textAlign-q4m81j r-verticalAlign-9iso6"
              dir="auto"
            >
              813 Bay Parkway, Gambrills, Mississippi, 5243
            </div>
          </div>
          <div
            className="css-view-175oi2r r-borderColor-1drizk4 r-borderRightWidth-13l2t4g r-borderTopWidth-5kkj8d r-justifyContent-1777fci r-paddingInline-1ntr0p"
            dir={null}
            style={
              {
                "width": "40%",
              }
            }
          >
            <div
              className="css-text-146c3p1 r-color-9ct9lt r-fontSize-1b43r93 r-paddingBlock-mocjzx r-textAlign-q4m81j r-verticalAlign-9iso6"
              dir="auto"
            >
              Quis magna enim reprehenderit laborum culpa. Magna et consequat sint cupidatat id laboris ea occaecat fugiat aliquip sit labore. Culpa sunt eiusmod officia aliquip esse. Tempor adipisicing mollit elit mollit adipisicing dolore cillum cupidatat veniam magna laboris.

            </div>
          </div>
        </div>
      </div>
      <div
        className="css-view-175oi2r"
        dir={null}
        style={
          {
            "height": "0px",
          }
        }
      />
    </div>
  </div>
</div>
`;
