// Jest Snapshot v1, https://goo.gl/fbAQLP

exports[`Running Test for StatusBar Check StatusBar Disabled 1`] = `
<div
  style={
    {
      "backgroundColor": "#202452",
      "display": "flex",
      "flex": 1,
      "flexDirection": "row",
      "height": 45,
      "justifyContent": "flex-end",
      "position": "relative",
      "width": "100%",
    }
  }
>
  <div
    style={
      {
        "backgroundColor": "#202452",
        "borderBottomLeftRadius": 20,
        "borderBottomStartRadius": 20,
        "borderTopRightRadius": 20,
        "display": "flex",
        "flex": 0.15,
        "flexDirection": "row",
      }
    }
  >
    <div
      className="css-text-146c3p1"
      dir="auto"
      style={
        {
          "alignSelf": "center",
          "color": "rgba(255,255,255,1.00)",
          "flex": 1,
          "fontSize": "16px",
          "fontWeight": "600",
          "justifyContent": "center",
          "textAlign": "center",
        }
      }
    >
      1. Vehicles
    </div>
  </div>
  <div
    style={
      {
        "backgroundColor": "#202452",
        "borderBottomLeftRadius": 20,
        "borderBottomStartRadius": 20,
        "borderTopRightRadius": 20,
        "display": "flex",
        "flex": 0.15,
        "flexDirection": "row",
      }
    }
  >
    <div
      className="css-text-146c3p1"
      dir="auto"
      style={
        {
          "alignSelf": "center",
          "color": "rgba(255,255,255,1.00)",
          "flex": 1,
          "fontSize": "16px",
          "fontWeight": "600",
          "justifyContent": "center",
          "textAlign": "center",
        }
      }
    >
      2. Visits
    </div>
  </div>
  <div
    style={
      {
        "backgroundColor": "#202452",
        "borderBottomLeftRadius": 20,
        "borderBottomStartRadius": 20,
        "borderTopRightRadius": 20,
        "display": "flex",
        "flex": 0.15,
        "flexDirection": "row",
      }
    }
  >
    <div
      className="css-text-146c3p1"
      dir="auto"
      style={
        {
          "alignSelf": "center",
          "color": "rgba(255,255,255,1.00)",
          "flex": 1,
          "fontSize": "16px",
          "fontWeight": "600",
          "justifyContent": "center",
          "textAlign": "center",
        }
      }
    >
      3. Routes
    </div>
  </div>
  <div
    style={
      {
        "backgroundColor": "#202452",
        "borderBottomLeftRadius": 20,
        "borderBottomStartRadius": 20,
        "borderTopRightRadius": 20,
        "display": "flex",
        "flex": 0.15,
        "flexDirection": "row",
      }
    }
  >
    <div
      className="css-text-146c3p1"
      dir="auto"
      style={
        {
          "alignSelf": "center",
          "color": "rgba(255,255,255,1.00)",
          "flex": 1,
          "fontSize": "16px",
          "fontWeight": "600",
          "justifyContent": "center",
          "textAlign": "center",
        }
      }
    >
      4. Capacity
    </div>
  </div>
  <div
    style={
      {
        "backgroundColor": "#202452",
        "borderBottomLeftRadius": 20,
        "borderBottomStartRadius": 20,
        "borderTopRightRadius": 20,
        "display": "flex",
        "flex": 0.15,
        "flexDirection": "row",
      }
    }
  >
    <div
      className="css-text-146c3p1"
      dir="auto"
      style={
        {
          "alignSelf": "center",
          "color": "rgba(255,255,255,1.00)",
          "flex": 1,
          "fontSize": "16px",
          "fontWeight": "600",
          "justifyContent": "center",
          "textAlign": "center",
        }
      }
    >
      5. Settings
    </div>
  </div>
</div>
`;
